Microchip MPLAB XC8 Compiler V2.40

Linker command line:

-W-3 \
  --edf=C:\Program Files\Microchip\xc8\v2.40\pic\dat\20220703182018_en.msgs \
  -cn -h+dist/default/production\pic18f26k20TEST.X.production.sym \
  --cmf=dist/default/production\pic18f26k20TEST.X.production.cmf -z \
  -Q18F26K20 -oC:\Users\orlov_pv\AppData\Local\Temp\xcAs2dko.4 \
  --defsym=__MPLAB_BUILD=1 --fixupoverflow=error \
  -Mdist/default/production/pic18f26k20TEST.X.production.map \
  --md=C:\Users\orlov_pv\AppData\Local\Temp\xcAs2dko.dat -E1 \
  -ver=XC8 Compiler --acfsm=1493 -ACODE=00h-0FFFFh -ACONST=00h-0FFFFh \
  -ASMALLCONST=01000h-010FFhx240 -AMEDIUMCONST=01000h-0FFFFh \
  -ACOMRAM=01h-05Fh -AABS1=00h-0F5Fh -ABIGRAM=01h-0F5Fh \
  -ARAM=060h-0FFh,0100h-01FFhx14,0F00h-0F5Fh -ABANK0=060h-0FFh \
  -ABANK1=0100h-01FFh -ABANK2=0200h-02FFh -ABANK3=0300h-03FFh \
  -ABANK4=0400h-04FFh -ABANK5=0500h-05FFh -ABANK6=0600h-06FFh \
  -ABANK7=0700h-07FFh -ABANK8=0800h-08FFh -ABANK9=0900h-09FFh \
  -ABANK10=0A00h-0AFFh -ABANK11=0B00h-0BFFh -ABANK12=0C00h-0CFFh \
  -ABANK13=0D00h-0DFFh -ABANK14=0E00h-0EFFh -ABANK15=0F00h-0F5Fh \
  -ASFR=0F60h-0FFFh -ABIGSFR=0F60h-0FFFh -ACONFIG=0300000h-030000Dh \
  -AIDLOC=0200000h-0200007h -AEEDATA=0F00000h-0F003FFh -peeprom_data=EEDATA \
  -preset_vec=00h,intcode=08h,intcodelo,powerup,init -pramtop=01000h \
  -psmallconst=SMALLCONST -pmediumconst=MEDIUMCONST -pconst=CONST \
  -AFARRAM=00h-00h \
  -prdata=COMRAM,nvrram=COMRAM,nvbit=COMRAM,rbss=COMRAM,rbit=COMRAM \
  -pfarbss=FARRAM,fardata=FARRAM,nvFARRAM=FARRAM \
  -pintsave_regs=BIGRAM,bigbss=BIGRAM,bigdata=BIGRAM -pbss=RAM \
  -pidata=CODE,irdata=CODE,ibigdata=CODE,ifardata=CODE -prparam=COMRAM \
  C:\Users\orlov_pv\AppData\Local\Temp\xcAs2dko.o \
  dist/default/production\pic18f26k20TEST.X.production.o 

Object code version is 3.11

Machine type is 18F26K20



                Name                               Link     Load   Length Selector   Space Scale
C:\Users\orlov_pv\AppData\Local\Temp\xcAs2dko.o
                idloc                            200000   200000        8        0       5
                config                           300000   300000        E        0       4
                init                                 D0       D0        4        4       0
                reset_vec                             0        0        4        0       0
dist/default/production\pic18f26k20TEST.X.production.o
                intcode                               8        8       C8        4       0
                idloc                            200000   200000        8        0       5
                config                           300000   300000        E        0       4
                temp                                 53       53        1        1       1
                smallconst                         1000     1000       22      800       0
                text92                             2044     2044       2A      811       0
                text91                             22C0     22C0        6      811       0
                text90                             2304     2304        2      811       0
                text89                             22BA     22BA        6      811       0
                text88                             22FE     22FE        4      811       0
                text87                             2134     2134       1A      811       0
                text86                             2302     2302        2      811       0
                text85                             1F02     1F02       36      811       0
                text84                             22B4     22B4        6      811       0
                text83                             22FA     22FA        4      811       0
                text82                             18A8     18A8       86      811       0
                text81                             1624     1624       BA      811       0
                text80                             22F6     22F6        4      811       0
                text79                             1E4C     1E4C       40      811       0
                text77                             22F2     22F2        4      811       0
                text76                             22EE     22EE        4      811       0
                text75                             22EA     22EA        4      811       0
                text74                             2018     2018       2C      811       0
                text73                             22E6     22E6        4      811       0
                text72                             22E2     22E2        4      811       0
                text71                             22DE     22DE        4      811       0
                text70                             2094     2094       24      811       0
                text69                             19AA     19AA       7A      811       0
                text68                             2166     2166       18      811       0
                text67                             1FEC     1FEC       2C      811       0
                text66                             1FC0     1FC0       2C      811       0
                text65                             1F94     1F94       2C      811       0
                text64                             1F68     1F68       2C      811       0
                text63                             1E0C     1E0C       40      811       0
                text62                             22DA     22DA        4      811       0
                text61                             22D6     22D6        4      811       0
                text60                             22D2     22D2        4      811       0
                text59                             22AE     22AE        6      811       0
                text58                             22CE     22CE        4      811       0
                text57                             22A8     22A8        6      811       0
                text56                             229A     229A        8      811       0
                text55                             2192     2192       14      811       0
                text54                             22CA     22CA        4      811       0
                text53                             192E     192E       7C      811       0
                text52                             2200     2200        C      811       0
                text51                             21D8     21D8       10      811       0
                text50                             21C8     21C8       10      811       0
                text49                             1560     1560       C4      811       0
                text48                             16DE     16DE       A6      811       0
                text47                             21F4     21F4        C      811       0
                text46                             2292     2292        8      811       0
                text45                             228A     228A        8      811       0
                text44                             2282     2282        8      811       0
                text43                             227A     227A        8      811       0
                text42                             2272     2272        8      811       0
                text41                             226A     226A        8      811       0
                text40                             2262     2262        8      811       0
                text39                             21E8     21E8        C      811       0
                text38                             1BE8     1BE8       66      811       0
                text37                             1B0A     1B0A       70      811       0
                text36                             21B8     21B8       10      811       0
                text35                             20FC     20FC       1E      811       0
                text34                             1D44     1D44       44      811       0
                text33                             225A     225A        8      811       0
                text32                             20DA     20DA       22      811       0
                text31                             181A     181A       8E      811       0
                text30                             1CFE     1CFE       46      811       0
                text29                             2252     2252        8      811       0
                text28                             214E     214E       18      811       0
                text27                             1C4E     1C4E       5A      811       0
                text26                             2248     2248        A      811       0
                text25                             223E     223E        A      811       0
                text24                             2234     2234        A      811       0
                text23                             222A     222A        A      811       0
                text22                             2220     2220        A      811       0
                text21                             1A24     1A24       74      811       0
                text20                             217E     217E       14      811       0
                text19                             22C6     22C6        4      811       0
                text18                             2216     2216        A      811       0
                text17                             206E     206E       26      811       0
                text16                             220C     220C        A      811       0
                text15                             20B8     20B8       22      811       0
                text14                             211A     211A       1A      811       0
                text13                             1F38     1F38       30      811       0
                text12                             1784     1784       96      811       0
                text11                             1B7A     1B7A       6E      811       0
                text10                             1DCA     1DCA       42      811       0
                text9                              21A6     21A6       12      811       0
                text8                              1EC8     1EC8       3A      811       0
                text7                              1398     1398       E6      811       0
                text6                              1A98     1A98       72      811       0
                text5                              1198     1198      108      811       0
                text4                              1022     1022      176      811       0
                text3                              1CA8     1CA8       56      811       0
                text2                              147E     147E       E2      811       0
                text1                              1E8C     1E8C       3C      811       0
                text0                              12A0     12A0       F8      811       0
                cstackCOMRAM                          1        1       23        1       1
                cstackBANK0                          D2       D2        B       60       1
                bssBANK0                             60       60       72       60       1
                dataCOMRAM                           4D       4D        6        1       1
                bssCOMRAM                            24       24       1F        1       1
                cinit                              1D88     1D88       42      811       0
                nvBANK0                              DD       DD        4       60       1
                nvCOMRAM                             43       43        A        1       1
                idataCOMRAM                        22A2     22A2        6      811       0

TOTAL           Name                               Link     Load   Length     Space
        CLASS   CODE           
                intcode                               8        8       C8         0
                init                                 D0       D0        4         0
                reset_vec                             0        0        4         0
                text92                             2044     2044       2A         0
                text91                             22C0     22C0        6         0
                text90                             2304     2304        2         0
                text89                             22BA     22BA        6         0
                text88                             22FE     22FE        4         0
                text87                             2134     2134       1A         0
                text86                             2302     2302        2         0
                text85                             1F02     1F02       36         0
                text84                             22B4     22B4        6         0
                text83                             22FA     22FA        4         0
                text82                             18A8     18A8       86         0
                text81                             1624     1624       BA         0
                text80                             22F6     22F6        4         0
                text79                             1E4C     1E4C       40         0
                text77                             22F2     22F2        4         0
                text76                             22EE     22EE        4         0
                text75                             22EA     22EA        4         0
                text74                             2018     2018       2C         0
                text73                             22E6     22E6        4         0
                text72                             22E2     22E2        4         0
                text71                             22DE     22DE        4         0
                text70                             2094     2094       24         0
                text69                             19AA     19AA       7A         0
                text68                             2166     2166       18         0
                text67                             1FEC     1FEC       2C         0
                text66                             1FC0     1FC0       2C         0
                text65                             1F94     1F94       2C         0
                text64                             1F68     1F68       2C         0
                text63                             1E0C     1E0C       40         0
                text62                             22DA     22DA        4         0
                text61                             22D6     22D6        4         0
                text60                             22D2     22D2        4         0
                text59                             22AE     22AE        6         0
                text58                             22CE     22CE        4         0
                text57                             22A8     22A8        6         0
                text56                             229A     229A        8         0
                text55                             2192     2192       14         0
                text54                             22CA     22CA        4         0
                text53                             192E     192E       7C         0
                text52                             2200     2200        C         0
                text51                             21D8     21D8       10         0
                text50                             21C8     21C8       10         0
                text49                             1560     1560       C4         0
                text48                             16DE     16DE       A6         0
                text47                             21F4     21F4        C         0
                text46                             2292     2292        8         0
                text45                             228A     228A        8         0
                text44                             2282     2282        8         0
                text43                             227A     227A        8         0
                text42                             2272     2272        8         0
                text41                             226A     226A        8         0
                text40                             2262     2262        8         0
                text39                             21E8     21E8        C         0
                text38                             1BE8     1BE8       66         0
                text37                             1B0A     1B0A       70         0
                text36                             21B8     21B8       10         0
                text35                             20FC     20FC       1E         0
                text34                             1D44     1D44       44         0
                text33                             225A     225A        8         0
                text32                             20DA     20DA       22         0
                text31                             181A     181A       8E         0
                text30                             1CFE     1CFE       46         0
                text29                             2252     2252        8         0
                text28                             214E     214E       18         0
                text27                             1C4E     1C4E       5A         0
                text26                             2248     2248        A         0
                text25                             223E     223E        A         0
                text24                             2234     2234        A         0
                text23                             222A     222A        A         0
                text22                             2220     2220        A         0
                text21                             1A24     1A24       74         0
                text20                             217E     217E       14         0
                text19                             22C6     22C6        4         0
                text18                             2216     2216        A         0
                text17                             206E     206E       26         0
                text16                             220C     220C        A         0
                text15                             20B8     20B8       22         0
                text14                             211A     211A       1A         0
                text13                             1F38     1F38       30         0
                text12                             1784     1784       96         0
                text11                             1B7A     1B7A       6E         0
                text10                             1DCA     1DCA       42         0
                text9                              21A6     21A6       12         0
                text8                              1EC8     1EC8       3A         0
                text7                              1398     1398       E6         0
                text6                              1A98     1A98       72         0
                text5                              1198     1198      108         0
                text4                              1022     1022      176         0
                text3                              1CA8     1CA8       56         0
                text2                              147E     147E       E2         0
                text1                              1E8C     1E8C       3C         0
                text0                              12A0     12A0       F8         0
                cinit                              1D88     1D88       42         0
                idataCOMRAM                        22A2     22A2        6         0

        CLASS   CONST          

        CLASS   SMALLCONST     
                smallconst                         1000     1000       22         0

        CLASS   MEDIUMCONST    

        CLASS   COMRAM         
                temp                                 53       53        1         1
                cstackCOMRAM                          1        1       23         1
                dataCOMRAM                           4D       4D        6         1
                bssCOMRAM                            24       24       1F         1
                nvCOMRAM                             43       43        A         1

        CLASS   ABS1           

        CLASS   BIGRAM         

        CLASS   RAM            

        CLASS   BANK0          
                cstackBANK0                          D2       D2        B         1
                bssBANK0                             60       60       72         1
                nvBANK0                              DD       DD        4         1

        CLASS   BANK1          

        CLASS   BANK2          

        CLASS   BANK3          

        CLASS   BANK4          

        CLASS   BANK5          

        CLASS   BANK6          

        CLASS   BANK7          

        CLASS   BANK8          

        CLASS   BANK9          

        CLASS   BANK10         

        CLASS   BANK11         

        CLASS   BANK12         

        CLASS   BANK13         

        CLASS   BANK14         

        CLASS   BANK15         

        CLASS   SFR            

        CLASS   BIGSFR         

        CLASS   CONFIG         
                config                           300000   300000        E         4

        CLASS   IDLOC          
                idloc                            200000   200000        8         5

        CLASS   EEDATA         

        CLASS   FARRAM         

        CLASS   HEAP           

        CLASS   STACK          



SEGMENTS        Name                           Load    Length   Top    Selector   Space  Class

                reset_vec                      000000  000004  000004         0       0  CODE    
                cstackCOMRAM                   000001  000053  000054         1       1  COMRAM  
                intcode                        000008  0000CC  0000D4         4       0  CODE    
                bssBANK0                       000060  000081  0000E1        60       1  BANK0   
                smallconst                     001000  000022  001022       800       0  SMALLCON
                text4                          001022  0012E4  002306       811       0  CODE    


UNUSED ADDRESS RANGES

        Name                Unused          Largest block    Delta
        BANK0            0000E1-0000FF               1F
        BANK1            000100-0001FF              100
        BANK10           000A00-000AFF              100
        BANK11           000B00-000BFF              100
        BANK12           000C00-000CFF              100
        BANK13           000D00-000DFF              100
        BANK14           000E00-000EFF              100
        BANK15           000F00-000F5F               60
        BANK2            000200-0002FF              100
        BANK3            000300-0003FF              100
        BANK4            000400-0004FF              100
        BANK5            000500-0005FF              100
        BANK6            000600-0006FF              100
        BANK7            000700-0007FF              100
        BANK8            000800-0008FF              100
        BANK9            000900-0009FF              100
        BIGRAM           000054-00005F                C
                         0000E1-000F5F              E7F
        BIGSFR           000F60-000FFF               A0
        CODE             000004-000007                4
                         0000D4-000FFF              F2C
                         002306-00FFFF             DCFA
        COMRAM           000054-00005F                C
        CONST            000004-000007                4
                         0000D4-000FFF              F2C
                         002306-00FFFF             DCFA
        EEDATA           F00000-F003FF              400
        MEDIUMCONST      002306-00FFFF             DCFA
        RAM              0000E1-000F5F              100
        SFR              000F60-000FFF               A0
        SMALLCONST       002306-00FFFF              100

                                  Symbol Table

?_ModbasRtu_Register_address                   cstackCOMRAM 000007
?_crc_chk                                      cstackCOMRAM 000007
Changing_Discrete_Output@address               cstackCOMRAM 000014
Data_integrity@Temp22                          cstackCOMRAM 000011
Data_integrity@Temp33                          cstackCOMRAM 000013
EUSART_SetErrorHandler@interruptHandler        cstackCOMRAM 000007
EUSART_SetFramingErrorHandler@interruptHandler cstackCOMRAM 000007
EUSART_SetOverrunErrorHandler@interruptHandler cstackCOMRAM 000007
EUSART_SetRxInterruptHandler@interruptHandler  cstackCOMRAM 000007
EUSART_SetTxInterruptHandler@interruptHandler  cstackCOMRAM 000007
Error_modbasRtu@Temp_Error                     cstackCOMRAM 000013
I2C_CallbackReturnReset@funPtr                 cstackCOMRAM 000010
I2C_Close@returnValue                          cstackCOMRAM 000007
I2C_MasterOperation@read                       cstackCOMRAM 000016
I2C_MasterOperation@returnValue                cstackCOMRAM 000017
I2C_MasterSendTxData@data                      cstackCOMRAM 000007
I2C_Open@address                               cstackCOMRAM 000007
I2C_Open@returnValue                           cstackCOMRAM 000008
I2C_ReadNBytes@address                         cstackCOMRAM 00001C
I2C_ReadNBytes@data                            cstackCOMRAM 000018
I2C_ReadNBytes@len                             cstackCOMRAM 00001A
I2C_SetAddressNackCallback@cb                  cstackCOMRAM 00000C
I2C_SetAddressNackCallback@ptr                 cstackCOMRAM 00000E
I2C_SetBuffer@buffer                           cstackCOMRAM 000007
I2C_SetBuffer@bufferSize                       cstackCOMRAM 000009
I2C_SetCallback@cb                             cstackCOMRAM 000007
I2C_SetCallback@idx                            cstackCOMRAM 00000B
I2C_SetCallback@ptr                            cstackCOMRAM 000009
I2C_SetDataCompleteCallback@cb                 cstackCOMRAM 00000C
I2C_SetDataCompleteCallback@ptr                cstackCOMRAM 00000E
I2C_WriteNBytes@address                        cstackCOMRAM 00001C
I2C_WriteNBytes@data                           cstackCOMRAM 000018
I2C_WriteNBytes@len                            cstackCOMRAM 00001A
ModbasRtu_Register_address@Hi                  cstackCOMRAM 00000D
ModbasRtu_Register_address@Li                  cstackCOMRAM 00000E
Read_analog_input@Adress                       cstackCOMRAM 000020
Read_analog_input@Danie                        cstackCOMRAM 00001A
Read_analog_input@Massiv                       cstackCOMRAM 000014
Read_analog_input@Number_                      cstackCOMRAM 000016
Read_analog_input@Number_bits                  cstackCOMRAM 00001E
Read_analog_input@Vt                           cstackCOMRAM 000017
Read_analog_input@address                      cstackCOMRAM 00001C
Reading_Discrete_Output@Danie                  cstackCOMRAM 000019
Reading_Discrete_Output@Massiv                 cstackCOMRAM 000014
Reading_Discrete_Output@Number_                cstackCOMRAM 000016
Reading_Discrete_Output@Number_bits            cstackCOMRAM 00001E
Reading_Discrete_Output@Temp                   cstackCOMRAM 00001A
Reading_Discrete_Output@Temp2                  cstackCOMRAM 00001B
Reading_Discrete_Output@Temp3                  cstackCOMRAM 00001D
Reading_Discrete_Output@address                cstackCOMRAM 000020
Reading_Discrete_Output@address2               cstackCOMRAM 00001C
TMR0_SetInterruptHandler@InterruptHandler      cstackCOMRAM 000007
USART_RXC_vect@TempModbas                      cstackCOMRAM 000002
_ANSEL                                         (abs)        000F7E
_ANSELH                                        (abs)        000F7F
_BAUDCON                                       (abs)        000FB8
_Bit_action_ModbasRtu                          bssCOMRAM    00003C
_Changing_Discrete_Output                      text6        001A98
_D                                             bssCOMRAM    00003B
_Danie_ModbasRtu_Binary_Output                 bssCOMRAM    00003F
_Danie_ModbasRtu_Binary_input                  bssCOMRAM    000041
_Danie_ModbasRtu_analog_Output                 bssBANK0     0000AA
_Danie_ModbasRtu_analog_input                  bssBANK0     0000BE
_Danie_Rx_ModbasRtu                            bssBANK0     00008C
_Data_integrity                                text11       001B7A
_EUSART_DefaultErrorHandler                    text91       0022C0
_EUSART_DefaultFramingErrorHandler             text90       002304
_EUSART_DefaultOverrunErrorHandler             text89       0022BA
_EUSART_ErrorHandler                           nvBANK0      0000DD
_EUSART_FramingErrorHandler                    nvCOMRAM     000043
_EUSART_Initialize                             text21       001A24
_EUSART_OverrunErrorHandler                    nvBANK0      0000DF
_EUSART_Receive_ISR                            text81       001624
_EUSART_RxDataHandler                          text92       002044
_EUSART_RxDefaultInterruptHandler              nvCOMRAM     000045
_EUSART_SetErrorHandler                        text26       002248
_EUSART_SetFramingErrorHandler                 text25       00223E
_EUSART_SetOverrunErrorHandler                 text24       002234
_EUSART_SetRxInterruptHandler                  text23       00222A
_EUSART_SetTxInterruptHandler                  text22       002220
_EUSART_Transmit_ISR                           text79       001E4C
_EUSART_TxDefaultInterruptHandler              nvCOMRAM     000047
_Error_modbasRtu                               text9        0021A6
_I2C_CallbackReturnReset                       text61       0022D6
_I2C_CallbackReturnStop                        text62       0022DA
_I2C_Close                                     text74       002018
_I2C_DO_ADDRESS_NACK                           text38       001BE8
_I2C_DO_IDLE                                   text52       002200
_I2C_DO_RCEN                                   text47       0021F4
_I2C_DO_RESET                                  text39       0021E8
_I2C_DO_RX                                     text48       0016DE
_I2C_DO_RX_ACK                                 text42       002272
_I2C_DO_RX_NACK_RESTART                        text40       002262
_I2C_DO_RX_NACK_STOP                           text41       00226A
_I2C_DO_SEND_ADR_READ                          text51       0021D8
_I2C_DO_SEND_ADR_WRITE                         text50       0021C8
_I2C_DO_SEND_RESTART                           text44       002282
_I2C_DO_SEND_RESTART_READ                      text46       002292
_I2C_DO_SEND_RESTART_WRITE                     text45       00228A
_I2C_DO_SEND_STOP                              text43       00227A
_I2C_DO_TX                                     text49       001560
_I2C_DO_TX_EMPTY                               text53       00192E
_I2C_Initialize                                text20       00217E
_I2C_MasterClearIrq                            text77       0022F2
_I2C_MasterClose                               text76       0022EE
_I2C_MasterDisableIrq                          text75       0022EA
_I2C_MasterEnableRestart                       text72       0022E2
_I2C_MasterFsm                                 text37       001B0A
_I2C_MasterGetRxData                           text58       0022CE
_I2C_MasterIsNack                              text55       002192
_I2C_MasterOpen                                text32       0020DA
_I2C_MasterOperation                           text34       001D44
_I2C_MasterRead                                text33       00225A
_I2C_MasterSendAck                             text57       0022A8
_I2C_MasterSendNack                            text59       0022AE
_I2C_MasterSendTxData                          text56       00229A
_I2C_MasterSetIrq                              text54       0022CA
_I2C_MasterStart                               text73       0022E6
_I2C_MasterStartRx                             text60       0022D2
_I2C_MasterStop                                text71       0022DE
_I2C_MasterWaitForEvent                        text36       0021B8
_I2C_MasterWrite                               text29       002252
_I2C_Open                                      text31       00181A
_I2C_Poller                                    text35       0020FC
_I2C_ReadNBytes                                text30       001CFE
_I2C_SetAddressNackCallback                    text28       00214E
_I2C_SetBuffer                                 text70       002094
_I2C_SetCallback                               text69       0019AA
_I2C_SetDataCompleteCallback                   text68       002166
_I2C_Status                                    bssBANK0     000060
_I2C_WriteNBytes                               text27       001C4E
_INTCON2bits                                   (abs)        000FF1
_INTCONbits                                    (abs)        000FF2
_INTERRUPT_Initialize                          text19       0022C6
_INTERRUPT_InterruptManager                    intcode      000008
_LATA                                          (abs)        000F89
_LATAbits                                      (abs)        000F89
_LATB                                          (abs)        000F8A
_LATC                                          (abs)        000F8B
_ModbasRtu_Register_address                    text8        001EC8
_OSCCON                                        (abs)        000FD3
_OSCILLATOR_Initialize                         text18       002216
_OSCTUNE                                       (abs)        000F9B
_PIE1bits                                      (abs)        000F9D
_PIN_MANAGER_Initialize                        text17       00206E
_PIR1bits                                      (abs)        000F9E
_PIR2bits                                      (abs)        000FA1
_PORTAbits                                     (abs)        000F80
_RCONbits                                      (abs)        000FD0
_RCREG                                         (abs)        000FAE
_RCSTA                                         (abs)        000FAB
_RCSTAbits                                     (abs)        000FAB
_Read_analog_input                             text5        001198
_Reading_Discrete_Output                       text4        001022
_SPBRG                                         (abs)        000FAF
_SPBRGH                                        (abs)        000FB0
_SSPADD                                        (abs)        000FC8
_SSPBUF                                        (abs)        000FC9
_SSPCON1                                       (abs)        000FC6
_SSPCON1bits                                   (abs)        000FC6
_SSPCON2                                       (abs)        000FC5
_SSPCON2bits                                   (abs)        000FC5
_SSPSTAT                                       (abs)        000FC7
_SSPSTATbits                                   (abs)        000FC7
_SYSTEM_Initialize                             text14       00211A
_T0CON                                         (abs)        000FD5
_T0CONbits                                     (abs)        000FD5
_TIMER0_COMP_vect                              text87       002134
_TMR0H                                         (abs)        000FD7
_TMR0L                                         (abs)        000FD6
_TMR0_DefaultInterruptHandler                  text86       002302
_TMR0_ISR                                      text85       001F02
_TMR0_Initialize                               text15       0020B8
_TMR0_InterruptHandler                         nvCOMRAM     000049
_TMR0_Reload                                   text84       0022B4
_TMR0_SetInterruptHandler                      text16       00220C
_TMR0_StartTimer                               text83       0022FA
_TMR0_StopTimer                                text88       0022FE
_TRISA                                         (abs)        000F92
_TRISB                                         (abs)        000F93
_TRISC                                         (abs)        000F94
_TXREG                                         (abs)        000FAD
_TXSTA                                         (abs)        000FAC
_TXSTAbits                                     (abs)        000FAC
_Temp_ModbasRtu                                bssCOMRAM    00003D
_USART_RXC_vect                                text82       0018A8
_USART_TXC_vect                                text80       0022F6
_USART_UDRE_vect                               text13       001F38
_USART_UDR_vect                                bssCOMRAM    00003A
_WPUB                                          (abs)        000F7C
__Bin_input_Output                             text7        001398
__Bin_input_Output@Masiv                       cstackCOMRAM 000008
__Bin_input_Output@NUMBER                      cstackCOMRAM 00000D
__Bin_input_Output@Sd                          cstackCOMRAM 00000A
__Bin_input_Output@Temp                        cstackCOMRAM 00000E
__Bin_input_Output@Temp1                       cstackCOMRAM 00000F
__Bin_input_Output@state                       cstackCOMRAM 000007
__HRAM                                         (abs)        000000
__Habs1                                        abs1         000000
__Hbank0                                       bank0        000000
__Hbank1                                       bank1        000000
__Hbank10                                      bank10       000000
__Hbank11                                      bank11       000000
__Hbank12                                      bank12       000000
__Hbank13                                      bank13       000000
__Hbank14                                      bank14       000000
__Hbank15                                      bank15       000000
__Hbank2                                       bank2        000000
__Hbank3                                       bank3        000000
__Hbank4                                       bank4        000000
__Hbank5                                       bank5        000000
__Hbank6                                       bank6        000000
__Hbank7                                       bank7        000000
__Hbank8                                       bank8        000000
__Hbank9                                       bank9        000000
__Hbigbss                                      bigbss       000000
__Hbigdata                                     bigdata      000000
__Hbigram                                      bigram       000000
__Hbigsfr                                      bigsfr       000000
__Hbss                                         bss          000000
__HbssBANK0                                    bssBANK0     000000
__HbssCOMRAM                                   bssCOMRAM    000000
__Hcinit                                       cinit        000000
__Hclrtext                                     clrtext      000000
__Hcomram                                      comram       000000
__Hconfig                                      config       30000E
__Hconst                                       const        000000
__HcstackBANK0                                 cstackBANK0  000000
__HcstackCOMRAM                                cstackCOMRAM 000000
__Hdata                                        data         000000
__HdataCOMRAM                                  dataCOMRAM   000000
__Heeprom_data                                 eeprom_data  000000
__Hfarbss                                      farbss       000000
__Hfardata                                     fardata      000000
__Hheap                                        heap         000000
__Hibigdata                                    ibigdata     000000
__Hidata                                       idata        000000
__HidataCOMRAM                                 idataCOMRAM  000000
__Hidloc                                       idloc        200008
__Hifardata                                    ifardata     000000
__Hinit                                        init         0000D4
__Hintcode                                     intcode      0000D0
__Hintcode_body                                intcode_body 000000
__Hintcodelo                                   intcodelo    0000D0
__Hintentry                                    intentry     000000
__Hintret                                      intret       000000
__Hintsave_regs                                intsave_regs 000000
__Hirdata                                      irdata       000000
__Hmediumconst                                 mediumconst  000000
__HnvBANK0                                     nvBANK0      000000
__HnvCOMRAM                                    nvCOMRAM     000000
__HnvFARRAM                                    nvFARRAM     000000
__Hnvbit                                       nvbit        000000
__Hnvrram                                      nvrram       000000
__Hparam                                       rparam       000000
__Hpowerup                                     powerup      0000D0
__Hram                                         ram          000000
__Hramtop                                      ramtop       001000
__Hrbit                                        rbit         000000
__Hrbss                                        rbss         000000
__Hrdata                                       rdata        000000
__Hreset_vec                                   reset_vec    000004
__Hrparam                                      rparam       000000
__Hsfr                                         sfr          000000
__Hsmallconst                                  smallconst   001022
__Hspace_0                                     (abs)        002306
__Hspace_1                                     (abs)        0000E1
__Hspace_2                                     (abs)        000000
__Hspace_4                                     (abs)        60000E
__Hstack                                       stack        000000
__Hstruct                                      struct       000000
__Htemp                                        temp         000054
__Htext                                        text         000000
__Htext0                                       text0        000000
__Htext1                                       text1        000000
__Htext10                                      text10       000000
__Htext11                                      text11       000000
__Htext12                                      text12       000000
__Htext13                                      text13       000000
__Htext14                                      text14       000000
__Htext15                                      text15       000000
__Htext16                                      text16       000000
__Htext17                                      text17       000000
__Htext18                                      text18       000000
__Htext19                                      text19       000000
__Htext2                                       text2        000000
__Htext20                                      text20       000000
__Htext21                                      text21       000000
__Htext22                                      text22       000000
__Htext23                                      text23       000000
__Htext24                                      text24       000000
__Htext25                                      text25       000000
__Htext26                                      text26       000000
__Htext27                                      text27       000000
__Htext28                                      text28       000000
__Htext29                                      text29       000000
__Htext3                                       text3        000000
__Htext30                                      text30       000000
__Htext31                                      text31       000000
__Htext32                                      text32       000000
__Htext33                                      text33       000000
__Htext34                                      text34       000000
__Htext35                                      text35       000000
__Htext36                                      text36       000000
__Htext37                                      text37       000000
__Htext38                                      text38       000000
__Htext39                                      text39       000000
__Htext4                                       text4        000000
__Htext40                                      text40       000000
__Htext41                                      text41       000000
__Htext42                                      text42       000000
__Htext43                                      text43       000000
__Htext44                                      text44       000000
__Htext45                                      text45       000000
__Htext46                                      text46       000000
__Htext47                                      text47       000000
__Htext48                                      text48       000000
__Htext49                                      text49       000000
__Htext5                                       text5        000000
__Htext50                                      text50       000000
__Htext51                                      text51       000000
__Htext52                                      text52       000000
__Htext53                                      text53       000000
__Htext54                                      text54       000000
__Htext55                                      text55       000000
__Htext56                                      text56       000000
__Htext57                                      text57       000000
__Htext58                                      text58       000000
__Htext59                                      text59       000000
__Htext6                                       text6        000000
__Htext60                                      text60       000000
__Htext61                                      text61       000000
__Htext62                                      text62       000000
__Htext63                                      text63       000000
__Htext64                                      text64       000000
__Htext65                                      text65       000000
__Htext66                                      text66       000000
__Htext67                                      text67       000000
__Htext68                                      text68       000000
__Htext69                                      text69       000000
__Htext7                                       text7        000000
__Htext70                                      text70       000000
__Htext71                                      text71       000000
__Htext72                                      text72       000000
__Htext73                                      text73       000000
__Htext74                                      text74       000000
__Htext75                                      text75       000000
__Htext76                                      text76       000000
__Htext77                                      text77       000000
__Htext79                                      text79       000000
__Htext8                                       text8        000000
__Htext80                                      text80       000000
__Htext81                                      text81       000000
__Htext82                                      text82       000000
__Htext83                                      text83       000000
__Htext84                                      text84       000000
__Htext85                                      text85       000000
__Htext86                                      text86       000000
__Htext87                                      text87       000000
__Htext88                                      text88       000000
__Htext89                                      text89       000000
__Htext9                                       text9        000000
__Htext90                                      text90       000000
__Htext91                                      text91       000000
__Htext92                                      text92       000000
__Htext93                                      text93       000000
__LRAM                                         (abs)        000001
__Labs1                                        abs1         000000
__Lbank0                                       bank0        000000
__Lbank1                                       bank1        000000
__Lbank10                                      bank10       000000
__Lbank11                                      bank11       000000
__Lbank12                                      bank12       000000
__Lbank13                                      bank13       000000
__Lbank14                                      bank14       000000
__Lbank15                                      bank15       000000
__Lbank2                                       bank2        000000
__Lbank3                                       bank3        000000
__Lbank4                                       bank4        000000
__Lbank5                                       bank5        000000
__Lbank6                                       bank6        000000
__Lbank7                                       bank7        000000
__Lbank8                                       bank8        000000
__Lbank9                                       bank9        000000
__Lbigbss                                      bigbss       000000
__Lbigdata                                     bigdata      000000
__Lbigram                                      bigram       000000
__Lbigsfr                                      bigsfr       000000
__Lbss                                         bss          000000
__LbssBANK0                                    bssBANK0     000000
__LbssCOMRAM                                   bssCOMRAM    000000
__Lcinit                                       cinit        000000
__Lclrtext                                     clrtext      000000
__Lcomram                                      comram       000000
__Lconfig                                      config       000000
__Lconst                                       const        000000
__LcstackBANK0                                 cstackBANK0  000000
__LcstackCOMRAM                                cstackCOMRAM 000000
__Ldata                                        data         000000
__LdataCOMRAM                                  dataCOMRAM   000000
__Leeprom_data                                 eeprom_data  000000
__Lfarbss                                      farbss       000000
__Lfardata                                     fardata      000000
__Lheap                                        heap         000000
__Libigdata                                    ibigdata     000000
__Lidata                                       idata        000000
__LidataCOMRAM                                 idataCOMRAM  000000
__Lidloc                                       idloc        000000
__Lifardata                                    ifardata     000000
__Linit                                        init         0000D0
__Lintcode                                     intcode      000008
__Lintcode_body                                intcode_body 000000
__Lintcodelo                                   intcodelo    0000D0
__Lintentry                                    intentry     000000
__Lintret                                      intret       000000
__Lintsave_regs                                intsave_regs 000000
__Lirdata                                      irdata       000000
__Lmediumconst                                 mediumconst  000000
__LnvBANK0                                     nvBANK0      000000
__LnvCOMRAM                                    nvCOMRAM     000000
__LnvFARRAM                                    nvFARRAM     000000
__Lnvbit                                       nvbit        000000
__Lnvrram                                      nvrram       000000
__Lparam                                       rparam       000000
__Lpowerup                                     powerup      0000D0
__Lram                                         ram          000000
__Lramtop                                      ramtop       001000
__Lrbit                                        rbit         000000
__Lrbss                                        rbss         000000
__Lrdata                                       rdata        000000
__Lreset_vec                                   reset_vec    000000
__Lrparam                                      rparam       000000
__Lsfr                                         sfr          000000
__Lsmallconst                                  smallconst   001000
__Lspace_0                                     (abs)        000000
__Lspace_1                                     (abs)        000000
__Lspace_2                                     (abs)        000000
__Lspace_4                                     (abs)        000000
__Lstack                                       stack        000000
__Lstruct                                      struct       000000
__Ltemp                                        temp         000053
__Ltext                                        text         000000
__Ltext0                                       text0        000000
__Ltext1                                       text1        000000
__Ltext10                                      text10       000000
__Ltext11                                      text11       000000
__Ltext12                                      text12       000000
__Ltext13                                      text13       000000
__Ltext14                                      text14       000000
__Ltext15                                      text15       000000
__Ltext16                                      text16       000000
__Ltext17                                      text17       000000
__Ltext18                                      text18       000000
__Ltext19                                      text19       000000
__Ltext2                                       text2        000000
__Ltext20                                      text20       000000
__Ltext21                                      text21       000000
__Ltext22                                      text22       000000
__Ltext23                                      text23       000000
__Ltext24                                      text24       000000
__Ltext25                                      text25       000000
__Ltext26                                      text26       000000
__Ltext27                                      text27       000000
__Ltext28                                      text28       000000
__Ltext29                                      text29       000000
__Ltext3                                       text3        000000
__Ltext30                                      text30       000000
__Ltext31                                      text31       000000
__Ltext32                                      text32       000000
__Ltext33                                      text33       000000
__Ltext34                                      text34       000000
__Ltext35                                      text35       000000
__Ltext36                                      text36       000000
__Ltext37                                      text37       000000
__Ltext38                                      text38       000000
__Ltext39                                      text39       000000
__Ltext4                                       text4        000000
__Ltext40                                      text40       000000
__Ltext41                                      text41       000000
__Ltext42                                      text42       000000
__Ltext43                                      text43       000000
__Ltext44                                      text44       000000
__Ltext45                                      text45       000000
__Ltext46                                      text46       000000
__Ltext47                                      text47       000000
__Ltext48                                      text48       000000
__Ltext49                                      text49       000000
__Ltext5                                       text5        000000
__Ltext50                                      text50       000000
__Ltext51                                      text51       000000
__Ltext52                                      text52       000000
__Ltext53                                      text53       000000
__Ltext54                                      text54       000000
__Ltext55                                      text55       000000
__Ltext56                                      text56       000000
__Ltext57                                      text57       000000
__Ltext58                                      text58       000000
__Ltext59                                      text59       000000
__Ltext6                                       text6        000000
__Ltext60                                      text60       000000
__Ltext61                                      text61       000000
__Ltext62                                      text62       000000
__Ltext63                                      text63       000000
__Ltext64                                      text64       000000
__Ltext65                                      text65       000000
__Ltext66                                      text66       000000
__Ltext67                                      text67       000000
__Ltext68                                      text68       000000
__Ltext69                                      text69       000000
__Ltext7                                       text7        000000
__Ltext70                                      text70       000000
__Ltext71                                      text71       000000
__Ltext72                                      text72       000000
__Ltext73                                      text73       000000
__Ltext74                                      text74       000000
__Ltext75                                      text75       000000
__Ltext76                                      text76       000000
__Ltext77                                      text77       000000
__Ltext79                                      text79       000000
__Ltext8                                       text8        000000
__Ltext80                                      text80       000000
__Ltext81                                      text81       000000
__Ltext82                                      text82       000000
__Ltext83                                      text83       000000
__Ltext84                                      text84       000000
__Ltext85                                      text85       000000
__Ltext86                                      text86       000000
__Ltext87                                      text87       000000
__Ltext88                                      text88       000000
__Ltext89                                      text89       000000
__Ltext9                                       text9        000000
__Ltext90                                      text90       000000
__Ltext91                                      text91       000000
__Ltext92                                      text92       000000
__Ltext93                                      text93       000000
__S0                                           (abs)        002306
__S1                                           (abs)        0000E1
__S4                                           (abs)        000000
__S5                                           (abs)        000000
___heap_hi                                     (abs)        000000
___heap_lo                                     (abs)        000000
___inthi_sp                                    stack        000000
___intlo_sp                                    stack        000000
___param_bank                                  (abs)        000000
___rparam_used                                 (abs)        000001
___sp                                          stack        000000
__accesstop                                    (abs)        000060
__activetblptr                                 (abs)        000003
__end_of_Changing_Discrete_Output              text6        001B0A
__end_of_Data_integrity                        text11       001BE8
__end_of_EUSART_DefaultErrorHandler            text91       0022C6
__end_of_EUSART_DefaultFramingErrorHandler     text90       002306
__end_of_EUSART_DefaultOverrunErrorHandler     text89       0022C0
__end_of_EUSART_Initialize                     text21       001A98
__end_of_EUSART_Receive_ISR                    text81       0016DE
__end_of_EUSART_RxDataHandler                  text92       00206E
__end_of_EUSART_SetErrorHandler                text26       002252
__end_of_EUSART_SetFramingErrorHandler         text25       002248
__end_of_EUSART_SetOverrunErrorHandler         text24       00223E
__end_of_EUSART_SetRxInterruptHandler          text23       002234
__end_of_EUSART_SetTxInterruptHandler          text22       00222A
__end_of_EUSART_Transmit_ISR                   text79       001E8C
__end_of_Error_modbasRtu                       text9        0021B8
__end_of_I2C_CallbackReturnReset               text61       0022DA
__end_of_I2C_CallbackReturnStop                text62       0022DE
__end_of_I2C_Close                             text74       002044
__end_of_I2C_DO_ADDRESS_NACK                   text38       001C4E
__end_of_I2C_DO_IDLE                           text52       00220C
__end_of_I2C_DO_RCEN                           text47       002200
__end_of_I2C_DO_RESET                          text39       0021F4
__end_of_I2C_DO_RX                             text48       001784
__end_of_I2C_DO_RX_ACK                         text42       00227A
__end_of_I2C_DO_RX_NACK_RESTART                text40       00226A
__end_of_I2C_DO_RX_NACK_STOP                   text41       002272
__end_of_I2C_DO_SEND_ADR_READ                  text51       0021E8
__end_of_I2C_DO_SEND_ADR_WRITE                 text50       0021D8
__end_of_I2C_DO_SEND_RESTART                   text44       00228A
__end_of_I2C_DO_SEND_RESTART_READ              text46       00229A
__end_of_I2C_DO_SEND_RESTART_WRITE             text45       002292
__end_of_I2C_DO_SEND_STOP                      text43       002282
__end_of_I2C_DO_TX                             text49       001624
__end_of_I2C_DO_TX_EMPTY                       text53       0019AA
__end_of_I2C_Initialize                        text20       002192
__end_of_I2C_MasterClearIrq                    text77       0022F6
__end_of_I2C_MasterClose                       text76       0022F2
__end_of_I2C_MasterDisableIrq                  text75       0022EE
__end_of_I2C_MasterEnableRestart               text72       0022E6
__end_of_I2C_MasterFsm                         text37       001B7A
__end_of_I2C_MasterGetRxData                   text58       0022D2
__end_of_I2C_MasterIsNack                      text55       0021A6
__end_of_I2C_MasterOpen                        text32       0020FC
__end_of_I2C_MasterOperation                   text34       001D88
__end_of_I2C_MasterRead                        text33       002262
__end_of_I2C_MasterSendAck                     text57       0022AE
__end_of_I2C_MasterSendNack                    text59       0022B4
__end_of_I2C_MasterSendTxData                  text56       0022A2
__end_of_I2C_MasterSetIrq                      text54       0022CE
__end_of_I2C_MasterStart                       text73       0022EA
__end_of_I2C_MasterStartRx                     text60       0022D6
__end_of_I2C_MasterStop                        text71       0022E2
__end_of_I2C_MasterWaitForEvent                text36       0021C8
__end_of_I2C_MasterWrite                       text29       00225A
__end_of_I2C_Open                              text31       0018A8
__end_of_I2C_Poller                            text35       00211A
__end_of_I2C_ReadNBytes                        text30       001D44
__end_of_I2C_SetAddressNackCallback            text28       002166
__end_of_I2C_SetBuffer                         text70       0020B8
__end_of_I2C_SetCallback                       text69       001A24
__end_of_I2C_SetDataCompleteCallback           text68       00217E
__end_of_I2C_WriteNBytes                       text27       001CA8
__end_of_INTERRUPT_Initialize                  text19       0022CA
__end_of_INTERRUPT_InterruptManager            intcode      0000D0
__end_of_ModbasRtu_Register_address            text8        001F02
__end_of_OSCILLATOR_Initialize                 text18       002220
__end_of_PIN_MANAGER_Initialize                text17       002094
__end_of_Read_analog_input                     text5        0012A0
__end_of_Reading_Discrete_Output               text4        001198
__end_of_SYSTEM_Initialize                     text14       002134
__end_of_TIMER0_COMP_vect                      text87       00214E
__end_of_TMR0_DefaultInterruptHandler          text86       002304
__end_of_TMR0_ISR                              text85       001F38
__end_of_TMR0_Initialize                       text15       0020DA
__end_of_TMR0_Reload                           text84       0022BA
__end_of_TMR0_SetInterruptHandler              text16       002216
__end_of_TMR0_StartTimer                       text83       0022FE
__end_of_TMR0_StopTimer                        text88       002302
__end_of_USART_RXC_vect                        text82       00192E
__end_of_USART_TXC_vect                        text80       0022FA
__end_of_USART_UDRE_vect                       text13       001F68
__end_of__Bin_input_Output                     text7        00147E
__end_of__initialization                       cinit        001DC0
__end_of_analog_output_recording               text3        001CFE
__end_of_check_sum                             text10       001E0C
__end_of_crc_chk                               text12       00181A
__end_of_i2c_fsmStateTable                     smallconst   001021
__end_of_main                                  text0        001398
__end_of_modbasRtu_Answer                      text2        001560
__end_of_modbasRtu_Slave                       text1        001EC8
__end_of_rd1RegCompleteHandler                 text66       001FEC
__end_of_rd2RegCompleteHandler                 text65       001FC0
__end_of_rdBlkRegCompleteHandler               text63       001E4C
__end_of_wr1RegCompleteHandler                 text64       001F94
__end_of_wr2RegCompleteHandler                 text67       002018
__initialization                               cinit        001D88
__mediumconst                                  mediumconst  000000
__pbssBANK0                                    bssBANK0     000060
__pbssCOMRAM                                   bssCOMRAM    000024
__pcinit                                       cinit        001D88
__pcstackBANK0                                 cstackBANK0  0000D2
__pcstackCOMRAM                                cstackCOMRAM 000001
__pdataCOMRAM                                  dataCOMRAM   00004D
__pidataCOMRAM                                 idataCOMRAM  0022A2
__pintcode                                     intcode      000008
__pnvBANK0                                     nvBANK0      0000DD
__pnvCOMRAM                                    nvCOMRAM     000043
__psmallconst                                  smallconst   001000
__ptext0                                       text0        0012A0
__ptext1                                       text1        001E8C
__ptext10                                      text10       001DCA
__ptext11                                      text11       001B7A
__ptext12                                      text12       001784
__ptext13                                      text13       001F38
__ptext14                                      text14       00211A
__ptext15                                      text15       0020B8
__ptext16                                      text16       00220C
__ptext17                                      text17       00206E
__ptext18                                      text18       002216
__ptext19                                      text19       0022C6
__ptext2                                       text2        00147E
__ptext20                                      text20       00217E
__ptext21                                      text21       001A24
__ptext22                                      text22       002220
__ptext23                                      text23       00222A
__ptext24                                      text24       002234
__ptext25                                      text25       00223E
__ptext26                                      text26       002248
__ptext27                                      text27       001C4E
__ptext28                                      text28       00214E
__ptext29                                      text29       002252
__ptext3                                       text3        001CA8
__ptext30                                      text30       001CFE
__ptext31                                      text31       00181A
__ptext32                                      text32       0020DA
__ptext33                                      text33       00225A
__ptext34                                      text34       001D44
__ptext35                                      text35       0020FC
__ptext36                                      text36       0021B8
__ptext37                                      text37       001B0A
__ptext38                                      text38       001BE8
__ptext39                                      text39       0021E8
__ptext4                                       text4        001022
__ptext40                                      text40       002262
__ptext41                                      text41       00226A
__ptext42                                      text42       002272
__ptext43                                      text43       00227A
__ptext44                                      text44       002282
__ptext45                                      text45       00228A
__ptext46                                      text46       002292
__ptext47                                      text47       0021F4
__ptext48                                      text48       0016DE
__ptext49                                      text49       001560
__ptext5                                       text5        001198
__ptext50                                      text50       0021C8
__ptext51                                      text51       0021D8
__ptext52                                      text52       002200
__ptext53                                      text53       00192E
__ptext54                                      text54       0022CA
__ptext55                                      text55       002192
__ptext56                                      text56       00229A
__ptext57                                      text57       0022A8
__ptext58                                      text58       0022CE
__ptext59                                      text59       0022AE
__ptext6                                       text6        001A98
__ptext60                                      text60       0022D2
__ptext61                                      text61       0022D6
__ptext62                                      text62       0022DA
__ptext63                                      text63       001E0C
__ptext64                                      text64       001F68
__ptext65                                      text65       001F94
__ptext66                                      text66       001FC0
__ptext67                                      text67       001FEC
__ptext68                                      text68       002166
__ptext69                                      text69       0019AA
__ptext7                                       text7        001398
__ptext70                                      text70       002094
__ptext71                                      text71       0022DE
__ptext72                                      text72       0022E2
__ptext73                                      text73       0022E6
__ptext74                                      text74       002018
__ptext75                                      text75       0022EA
__ptext76                                      text76       0022EE
__ptext77                                      text77       0022F2
__ptext79                                      text79       001E4C
__ptext8                                       text8        001EC8
__ptext80                                      text80       0022F6
__ptext81                                      text81       001624
__ptext82                                      text82       0018A8
__ptext83                                      text83       0022FA
__ptext84                                      text84       0022B4
__ptext85                                      text85       001F02
__ptext86                                      text86       002302
__ptext87                                      text87       002134
__ptext88                                      text88       0022FE
__ptext89                                      text89       0022BA
__ptext9                                       text9        0021A6
__ptext90                                      text90       002304
__ptext91                                      text91       0022C0
__ptext92                                      text92       002044
__ptext93                                      text93       000000
__ramtop                                       ramtop       001000
__smallconst                                   smallconst   001000
_analog_output_recording                       text3        001CA8
_check_sum                                     text10       001DCA
_crc_chk                                       text12       001784
_eusartRxBuffer                                bssBANK0     000084
_eusartRxCount                                 bssCOMRAM    000035
_eusartRxHead                                  bssCOMRAM    000037
_eusartRxLastError                             bssCOMRAM    000034
_eusartRxStatusBuffer                          bssCOMRAM    000024
_eusartRxTail                                  bssCOMRAM    000036
_eusartTxBuffer                                bssCOMRAM    00002C
_eusartTxBufferRemaining                       nvCOMRAM     00004B
_eusartTxHead                                  bssCOMRAM    000039
_eusartTxTail                                  bssCOMRAM    000038
_i2c_fsmStateTable                             smallconst   001001
_main                                          text0        0012A0
_modbasRtu_Answer                              text2        00147E
_modbasRtu_Slave                               text1        001E8C
_quantity_Data_ModbasRtu                       bssCOMRAM    00003E
_rd1RegCompleteHandler                         text66       001FC0
_rd2RegCompleteHandler                         text65       001F94
_rdBlkRegCompleteHandler                       text63       001E0C
_timer0ReloadVal                               nvCOMRAM     00004C
_wr1RegCompleteHandler                         text64       001F68
_wr2RegCompleteHandler                         text67       001FEC
analog_output_recording@address                cstackCOMRAM 000014
btemp                                          temp         000053
check_sum@Adress                               cstackCOMRAM 000012
check_sum@RC                                   cstackCOMRAM 000010
crc_chk@data                                   cstackCOMRAM 000007
crc_chk@j                                      cstackCOMRAM 00000C
crc_chk@length                                 cstackCOMRAM 000009
crc_chk@reg_crc                                cstackCOMRAM 00000E
end_of_initialization                          cinit        001DC0
int$flags                                      temp         000053
intlevel0                                      text         000000
intlevel1                                      text         000000
intlevel2                                      text         000000
intlevel3                                      text         000000
isa$std                                        (abs)        000001
isa$xinst                                      (abs)        000000
main@F3018                                     dataCOMRAM   000050
main@F3020                                     dataCOMRAM   00004D
main@address                                   cstackBANK0  0000DB
main@bitt                                      cstackBANK0  0000DC
main@dat                                       cstackBANK0  0000D5
main@red                                       cstackBANK0  0000D8
main@red2                                      cstackBANK0  0000D2
rd1RegCompleteHandler@ptr                      cstackCOMRAM 000010
rd2RegCompleteHandler@ptr                      cstackCOMRAM 000010
rdBlkRegCompleteHandler@ptr                    cstackCOMRAM 000010
stackhi                                        (abs)        000000
stacklo                                        (abs)        000000
start                                          init         0000D0
start_initialization                           cinit        001D88
ttemp5                                         temp         000054
ttemp6                                         temp         000057
ttemp7                                         temp         00005B
wr1RegCompleteHandler@ptr                      cstackCOMRAM 000010
wr2RegCompleteHandler@ptr                      cstackCOMRAM 000010
wtemp8                                         temp         000054


MODULE INFORMATION

Module		Function		Class		Link	Load	Size
Modbas_RTU.c
		__Bin_input_Output		CODE           	1398	0000	230
		_modbasRtu_Answer		CODE           	147E	0000	226
		_crc_chk       		CODE           	1784	0000	150
		_check_sum     		CODE           	1DCA	0000	66
		_USART_RXC_vect		CODE           	18A8	0000	134
		_modbasRtu_Slave		CODE           	1E8C	0000	60
		_Error_modbasRtu		CODE           	21A6	0000	18
		_analog_output_recording		CODE           	1CA8	0000	86
		_Data_integrity		CODE           	1B7A	0000	110
		_Read_analog_input		CODE           	1198	0000	264
		_USART_UDRE_vect		CODE           	1F38	0000	48
		_USART_TXC_vect		CODE           	22F6	0000	4
		_Reading_Discrete_Output		CODE           	1022	0000	374
		_ModbasRtu_Register_address		CODE           	1EC8	0000	58
		_Changing_Discrete_Output		CODE           	1A98	0000	114
		_TIMER0_COMP_vect		CODE           	2134	0000	26

Modbas_RTU.c estimated size: 1968

mcc_generated_files/interrupt_manager.c
		_INTERRUPT_Initialize		CODE           	22C6	0000	4
		_INTERRUPT_InterruptManager		CODE           	0008	0000	200

mcc_generated_files/interrupt_manager.c estimated size: 204

mcc_generated_files/examples/i2c_master_example.c
		_wr1RegCompleteHandler		CODE           	1F68	0000	44
		_wr2RegCompleteHandler		CODE           	1FEC	0000	44
		_rdBlkRegCompleteHandler		CODE           	1E0C	0000	64
		_rd1RegCompleteHandler		CODE           	1FC0	0000	44
		_rd2RegCompleteHandler		CODE           	1F94	0000	44
		_I2C_ReadNBytes		CODE           	1CFE	0000	70
		_I2C_WriteNBytes		CODE           	1C4E	0000	90

mcc_generated_files/examples/i2c_master_example.c estimated size: 400

mcc_generated_files/tmr0.c
		_TMR0_SetInterruptHandler		CODE           	220C	0000	10
		_TMR0_StopTimer		CODE           	22FE	0000	4
		_TMR0_Reload   		CODE           	22B4	0000	6
		_TMR0_DefaultInterruptHandler		CODE           	2302	0000	2
		_TMR0_StartTimer		CODE           	22FA	0000	4
		_TMR0_ISR      		CODE           	1F02	0000	54
		_TMR0_Initialize		CODE           	20B8	0000	34

mcc_generated_files/tmr0.c estimated size: 114

mcc_generated_files/pin_manager.c
		_PIN_MANAGER_Initialize		CODE           	206E	0000	38

mcc_generated_files/pin_manager.c estimated size: 38

shared
		__initialization		CODE           	1D88	0000	56
		_i2c_fsmStateTable		SMALLCONST     	1001	0000	32

shared estimated size: 88

mcc_generated_files/mcc.c
		_OSCILLATOR_Initialize		CODE           	2216	0000	10
		_SYSTEM_Initialize		CODE           	211A	0000	26

mcc_generated_files/mcc.c estimated size: 36

mcc_generated_files/i2c_master.c
		_I2C_Close     		CODE           	2018	0000	44
		_I2C_MasterStartRx		CODE           	22D2	0000	4
		_I2C_DO_SEND_ADR_WRITE		CODE           	21C8	0000	16
		_I2C_MasterWaitForEvent		CODE           	21B8	0000	16
		_I2C_DO_SEND_STOP		CODE           	227A	0000	8
		_I2C_MasterSendNack		CODE           	22AE	0000	6
		_I2C_MasterDisableIrq		CODE           	22EA	0000	4
		_I2C_CallbackReturnStop		CODE           	22DA	0000	4
		_I2C_MasterOperation		CODE           	1D44	0000	68
		_I2C_DO_SEND_ADR_READ		CODE           	21D8	0000	16
		_I2C_DO_RX_NACK_STOP		CODE           	226A	0000	8
		_I2C_DO_SEND_RESTART		CODE           	2282	0000	8
		_I2C_DO_RX     		CODE           	16DE	0000	166
		_I2C_DO_TX     		CODE           	1560	0000	196
		_I2C_DO_IDLE   		CODE           	2200	0000	12
		_I2C_DO_RCEN   		CODE           	21F4	0000	12
		_I2C_Poller    		CODE           	20FC	0000	30
		_I2C_DO_RESET  		CODE           	21E8	0000	12
		_I2C_MasterClose		CODE           	22EE	0000	4
		_I2C_MasterWrite		CODE           	2252	0000	8
		_I2C_DO_RX_ACK 		CODE           	2272	0000	8
		_I2C_MasterStart		CODE           	22E6	0000	4
		_I2C_MasterClearIrq		CODE           	22F2	0000	4
		_I2C_MasterGetRxData		CODE           	22CE	0000	4
		_I2C_SetCallback		CODE           	19AA	0000	122
		_I2C_DO_ADDRESS_NACK		CODE           	1BE8	0000	102
		_I2C_MasterEnableRestart		CODE           	22E2	0000	4
		_I2C_CallbackReturnReset		CODE           	22D6	0000	4
		_I2C_Open      		CODE           	181A	0000	142
		_I2C_SetAddressNackCallback		CODE           	214E	0000	24
		_I2C_DO_TX_EMPTY		CODE           	192E	0000	124
		_I2C_DO_SEND_RESTART_WRITE		CODE           	228A	0000	8
		_I2C_MasterIsNack		CODE           	2192	0000	20
		_I2C_SetDataCompleteCallback		CODE           	2166	0000	24
		_I2C_DO_RX_NACK_RESTART		CODE           	2262	0000	8
		_I2C_MasterSendAck		CODE           	22A8	0000	6
		_I2C_MasterFsm 		CODE           	1B0A	0000	112
		_I2C_MasterSetIrq		CODE           	22CA	0000	4
		_I2C_DO_SEND_RESTART_READ		CODE           	2292	0000	8
		_I2C_Initialize		CODE           	217E	0000	20
		_I2C_SetBuffer 		CODE           	2094	0000	36
		_I2C_MasterRead		CODE           	225A	0000	8
		_I2C_MasterOpen		CODE           	20DA	0000	34
		_I2C_MasterSendTxData		CODE           	229A	0000	8
		_I2C_MasterStop		CODE           	22DE	0000	4

mcc_generated_files/i2c_master.c estimated size: 1484

mcc_generated_files/eusart.c
		_EUSART_SetRxInterruptHandler		CODE           	222A	0000	10
		_EUSART_SetTxInterruptHandler		CODE           	2220	0000	10
		_EUSART_DefaultOverrunErrorHandler		CODE           	22BA	0000	6
		_EUSART_DefaultErrorHandler		CODE           	22C0	0000	6
		_EUSART_Transmit_ISR		CODE           	1E4C	0000	64
		_EUSART_Initialize		CODE           	1A24	0000	116
		_EUSART_SetFramingErrorHandler		CODE           	223E	0000	10
		_EUSART_SetErrorHandler		CODE           	2248	0000	10
		_EUSART_SetOverrunErrorHandler		CODE           	2234	0000	10
		_EUSART_Receive_ISR		CODE           	1624	0000	186
		_EUSART_RxDataHandler		CODE           	2044	0000	42
		_EUSART_DefaultFramingErrorHandler		CODE           	2304	0000	2

mcc_generated_files/eusart.c estimated size: 472

main.c
		_main          		CODE           	12A0	0000	248

main.c estimated size: 248

