Microchip MPLAB XC8 Compiler V2.40

Linker command line:

-W-3 \
  --edf=C:\Program Files\Microchip\xc8\v2.40\pic\dat\20220703182018_en.msgs \
  -cn -h+dist/default/production\pic18f26k20TEST.X.production.sym \
  --cmf=dist/default/production\pic18f26k20TEST.X.production.cmf -z \
  -Q18F26K20 -oC:\Users\orlov_pv\AppData\Local\Temp\xcAs9sc.4 \
  --defsym=__MPLAB_BUILD=1 --fixupoverflow=error \
  -Mdist/default/production/pic18f26k20TEST.X.production.map \
  --md=C:\Users\orlov_pv\AppData\Local\Temp\xcAs9sc.dat -E1 \
  -ver=XC8 Compiler --acfsm=1493 -ACODE=00h-0FFFFh -ACONST=00h-0FFFFh \
  -ASMALLCONST=01000h-010FFhx240 -AMEDIUMCONST=01000h-0FFFFh \
  -ACOMRAM=01h-05Fh -AABS1=00h-0F5Fh -ABIGRAM=01h-0F5Fh \
  -ARAM=060h-0FFh,0100h-01FFhx14,0F00h-0F5Fh -ABANK0=060h-0FFh \
  -ABANK1=0100h-01FFh -ABANK2=0200h-02FFh -ABANK3=0300h-03FFh \
  -ABANK4=0400h-04FFh -ABANK5=0500h-05FFh -ABANK6=0600h-06FFh \
  -ABANK7=0700h-07FFh -ABANK8=0800h-08FFh -ABANK9=0900h-09FFh \
  -ABANK10=0A00h-0AFFh -ABANK11=0B00h-0BFFh -ABANK12=0C00h-0CFFh \
  -ABANK13=0D00h-0DFFh -ABANK14=0E00h-0EFFh -ABANK15=0F00h-0F5Fh \
  -ASFR=0F60h-0FFFh -ABIGSFR=0F60h-0FFFh -ACONFIG=0300000h-030000Dh \
  -AIDLOC=0200000h-0200007h -AEEDATA=0F00000h-0F003FFh -peeprom_data=EEDATA \
  -preset_vec=00h,intcode=08h,intcodelo,powerup,init -pramtop=01000h \
  -psmallconst=SMALLCONST -pmediumconst=MEDIUMCONST -pconst=CONST \
  -AFARRAM=00h-00h \
  -prdata=COMRAM,nvrram=COMRAM,nvbit=COMRAM,rbss=COMRAM,rbit=COMRAM \
  -pfarbss=FARRAM,fardata=FARRAM,nvFARRAM=FARRAM \
  -pintsave_regs=BIGRAM,bigbss=BIGRAM,bigdata=BIGRAM -pbss=RAM \
  -pidata=CODE,irdata=CODE,ibigdata=CODE,ifardata=CODE -prparam=COMRAM \
  C:\Users\orlov_pv\AppData\Local\Temp\xcAs9sc.o \
  dist/default/production\pic18f26k20TEST.X.production.o 

Object code version is 3.11

Machine type is 18F26K20



                Name                               Link     Load   Length Selector   Space Scale
C:\Users\orlov_pv\AppData\Local\Temp\xcAs9sc.o
                idloc                            200000   200000        8        0       5
                config                           300000   300000        E        0       4
                init                                 70       70        4        4       0
                reset_vec                             0        0        4        0       0
dist/default/production\pic18f26k20TEST.X.production.o
                intcode                               8        8       68        4       0
                idloc                            200000   200000        8        0       5
                config                           300000   300000        E        0       4
                temp                                 53       53        1        1       1
                smallconst                         1000     1000       22      800       0
                text92                             1D58     1D58       20      811       0
                text91                             1F46     1F46        6      811       0
                text90                             1F8A     1F8A        2      811       0
                text89                             1F40     1F40        6      811       0
                text88                             1F84     1F84        4      811       0
                text87                             1E4C     1E4C       10      811       0
                text86                             1F88     1F88        2      811       0
                text85                             1C7C     1C7C       28      811       0
                text84                             1F3A     1F3A        6      811       0
                text83                             1F80     1F80        4      811       0
                text82                             1912     1912       56      811       0
                text81                             1430     1430       92      811       0
                text80                             1F7C     1F7C        4      811       0
                text79                             1C52     1C52       2A      811       0
                text77                             1F78     1F78        4      811       0
                text76                             1F74     1F74        4      811       0
                text75                             1F70     1F70        4      811       0
                text74                             1D36     1D36       22      811       0
                text73                             1F6C     1F6C        4      811       0
                text72                             1F68     1F68        4      811       0
                text71                             1F64     1F64        4      811       0
                text70                             1D92     1D92       1A      811       0
                text69                             1738     1738       6E      811       0
                text68                             1DDC     1DDC       18      811       0
                text67                             1C26     1C26       2C      811       0
                text66                             1BFA     1BFA       2C      811       0
                text65                             1BCE     1BCE       2C      811       0
                text64                             1BA2     1BA2       2C      811       0
                text63                             1ACA     1ACA       40      811       0
                text62                             1F60     1F60        4      811       0
                text61                             1F5C     1F5C        4      811       0
                text60                             1F58     1F58        4      811       0
                text59                             1F34     1F34        6      811       0
                text58                             1F54     1F54        4      811       0
                text57                             1F2E     1F2E        6      811       0
                text56                             1F1A     1F1A        8      811       0
                text55                             1E80     1E80        C      811       0
                text54                             1F50     1F50        4      811       0
                text53                             17A6     17A6       60      811       0
                text52                             1E74     1E74        C      811       0
                text51                             1E3C     1E3C       10      811       0
                text50                             1E2C     1E2C       10      811       0
                text49                             14C2     14C2       90      811       0
                text48                             15D6     15D6       7C      811       0
                text47                             1E68     1E68        C      811       0
                text46                             1F12     1F12        8      811       0
                text45                             1F0A     1F0A        8      811       0
                text44                             1F02     1F02        8      811       0
                text43                             1EFA     1EFA        8      811       0
                text42                             1EF2     1EF2        8      811       0
                text41                             1EEA     1EEA        8      811       0
                text40                             1EE2     1EE2        8      811       0
                text39                             1E5C     1E5C        C      811       0
                text38                             1968     1968       50      811       0
                text37                             1860     1860       5A      811       0
                text36                             1F28     1F28        6      811       0
                text35                             1E1A     1E1A       12      811       0
                text34                             1B76     1B76       2C      811       0
                text33                             1EDA     1EDA        8      811       0
                text32                             1DC4     1DC4       18      811       0
                text31                             1552     1552       84      811       0
                text30                             1B44     1B44       32      811       0
                text29                             1ED2     1ED2        8      811       0
                text28                             1DAC     1DAC       18      811       0
                text27                             1A00     1A00       46      811       0
                text26                             1EC8     1EC8        A      811       0
                text25                             1EBE     1EBE        A      811       0
                text24                             1EB4     1EB4        A      811       0
                text23                             1EAA     1EAA        A      811       0
                text22                             1EA0     1EA0        A      811       0
                text21                             1652     1652       74      811       0
                text20                             1DF4     1DF4       14      811       0
                text19                             1F4C     1F4C        4      811       0
                text18                             1E96     1E96        A      811       0
                text17                             1CCA     1CCA       26      811       0
                text16                             1E8C     1E8C        A      811       0
                text15                             1D14     1D14       22      811       0
                text14                             1D78     1D78       1A      811       0
                text13                             1CF0     1CF0       24      811       0
                text12                             16C6     16C6       72      811       0
                text11                             18BA     18BA       58      811       0
                text10                             1A88     1A88       42      811       0
                text9                              1E08     1E08       12      811       0
                text8                              1B0A     1B0A       3A      811       0
                text7                              1388     1388       A8      811       0
                text6                              1806     1806       5A      811       0
                text5                              1142     1142       DA      811       0
                text4                              1022     1022      120      811       0
                text3                              19B8     19B8       48      811       0
                text2                              121C     121C       BA      811       0
                text1                              1CA4     1CA4       26      811       0
                text0                              12D6     12D6       B2      811       0
                cstackCOMRAM                          1        1       23        1       1
                cstackBANK0                          D2       D2        B       60       1
                bssBANK0                             60       60       72       60       1
                dataCOMRAM                           4D       4D        6        1       1
                bssCOMRAM                            24       24       1F        1       1
                cinit                              1A46     1A46       42      811       0
                nvBANK0                              DD       DD        4       60       1
                nvCOMRAM                             43       43        A        1       1
                idataCOMRAM                        1F22     1F22        6      811       0

TOTAL           Name                               Link     Load   Length     Space
        CLASS   CODE           
                intcode                               8        8       68         0
                init                                 70       70        4         0
                reset_vec                             0        0        4         0
                text92                             1D58     1D58       20         0
                text91                             1F46     1F46        6         0
                text90                             1F8A     1F8A        2         0
                text89                             1F40     1F40        6         0
                text88                             1F84     1F84        4         0
                text87                             1E4C     1E4C       10         0
                text86                             1F88     1F88        2         0
                text85                             1C7C     1C7C       28         0
                text84                             1F3A     1F3A        6         0
                text83                             1F80     1F80        4         0
                text82                             1912     1912       56         0
                text81                             1430     1430       92         0
                text80                             1F7C     1F7C        4         0
                text79                             1C52     1C52       2A         0
                text77                             1F78     1F78        4         0
                text76                             1F74     1F74        4         0
                text75                             1F70     1F70        4         0
                text74                             1D36     1D36       22         0
                text73                             1F6C     1F6C        4         0
                text72                             1F68     1F68        4         0
                text71                             1F64     1F64        4         0
                text70                             1D92     1D92       1A         0
                text69                             1738     1738       6E         0
                text68                             1DDC     1DDC       18         0
                text67                             1C26     1C26       2C         0
                text66                             1BFA     1BFA       2C         0
                text65                             1BCE     1BCE       2C         0
                text64                             1BA2     1BA2       2C         0
                text63                             1ACA     1ACA       40         0
                text62                             1F60     1F60        4         0
                text61                             1F5C     1F5C        4         0
                text60                             1F58     1F58        4         0
                text59                             1F34     1F34        6         0
                text58                             1F54     1F54        4         0
                text57                             1F2E     1F2E        6         0
                text56                             1F1A     1F1A        8         0
                text55                             1E80     1E80        C         0
                text54                             1F50     1F50        4         0
                text53                             17A6     17A6       60         0
                text52                             1E74     1E74        C         0
                text51                             1E3C     1E3C       10         0
                text50                             1E2C     1E2C       10         0
                text49                             14C2     14C2       90         0
                text48                             15D6     15D6       7C         0
                text47                             1E68     1E68        C         0
                text46                             1F12     1F12        8         0
                text45                             1F0A     1F0A        8         0
                text44                             1F02     1F02        8         0
                text43                             1EFA     1EFA        8         0
                text42                             1EF2     1EF2        8         0
                text41                             1EEA     1EEA        8         0
                text40                             1EE2     1EE2        8         0
                text39                             1E5C     1E5C        C         0
                text38                             1968     1968       50         0
                text37                             1860     1860       5A         0
                text36                             1F28     1F28        6         0
                text35                             1E1A     1E1A       12         0
                text34                             1B76     1B76       2C         0
                text33                             1EDA     1EDA        8         0
                text32                             1DC4     1DC4       18         0
                text31                             1552     1552       84         0
                text30                             1B44     1B44       32         0
                text29                             1ED2     1ED2        8         0
                text28                             1DAC     1DAC       18         0
                text27                             1A00     1A00       46         0
                text26                             1EC8     1EC8        A         0
                text25                             1EBE     1EBE        A         0
                text24                             1EB4     1EB4        A         0
                text23                             1EAA     1EAA        A         0
                text22                             1EA0     1EA0        A         0
                text21                             1652     1652       74         0
                text20                             1DF4     1DF4       14         0
                text19                             1F4C     1F4C        4         0
                text18                             1E96     1E96        A         0
                text17                             1CCA     1CCA       26         0
                text16                             1E8C     1E8C        A         0
                text15                             1D14     1D14       22         0
                text14                             1D78     1D78       1A         0
                text13                             1CF0     1CF0       24         0
                text12                             16C6     16C6       72         0
                text11                             18BA     18BA       58         0
                text10                             1A88     1A88       42         0
                text9                              1E08     1E08       12         0
                text8                              1B0A     1B0A       3A         0
                text7                              1388     1388       A8         0
                text6                              1806     1806       5A         0
                text5                              1142     1142       DA         0
                text4                              1022     1022      120         0
                text3                              19B8     19B8       48         0
                text2                              121C     121C       BA         0
                text1                              1CA4     1CA4       26         0
                text0                              12D6     12D6       B2         0
                cinit                              1A46     1A46       42         0
                idataCOMRAM                        1F22     1F22        6         0

        CLASS   CONST          

        CLASS   SMALLCONST     
                smallconst                         1000     1000       22         0

        CLASS   MEDIUMCONST    

        CLASS   COMRAM         
                temp                                 53       53        1         1
                cstackCOMRAM                          1        1       23         1
                dataCOMRAM                           4D       4D        6         1
                bssCOMRAM                            24       24       1F         1
                nvCOMRAM                             43       43        A         1

        CLASS   ABS1           

        CLASS   BIGRAM         

        CLASS   RAM            

        CLASS   BANK0          
                cstackBANK0                          D2       D2        B         1
                bssBANK0                             60       60       72         1
                nvBANK0                              DD       DD        4         1

        CLASS   BANK1          

        CLASS   BANK2          

        CLASS   BANK3          

        CLASS   BANK4          

        CLASS   BANK5          

        CLASS   BANK6          

        CLASS   BANK7          

        CLASS   BANK8          

        CLASS   BANK9          

        CLASS   BANK10         

        CLASS   BANK11         

        CLASS   BANK12         

        CLASS   BANK13         

        CLASS   BANK14         

        CLASS   BANK15         

        CLASS   SFR            

        CLASS   BIGSFR         

        CLASS   CONFIG         
                config                           300000   300000        E         4

        CLASS   IDLOC          
                idloc                            200000   200000        8         5

        CLASS   EEDATA         

        CLASS   FARRAM         

        CLASS   HEAP           

        CLASS   STACK          



SEGMENTS        Name                           Load    Length   Top    Selector   Space  Class

                reset_vec                      000000  000004  000004         0       0  CODE    
                cstackCOMRAM                   000001  000053  000054         1       1  COMRAM  
                intcode                        000008  00006C  000074         4       0  CODE    
                bssBANK0                       000060  000081  0000E1        60       1  BANK0   
                smallconst                     001000  000022  001022       800       0  SMALLCON
                text4                          001022  000F6A  001F8C       811       0  CODE    


UNUSED ADDRESS RANGES

        Name                Unused          Largest block    Delta
        BANK0            0000E1-0000FF               1F
        BANK1            000100-0001FF              100
        BANK10           000A00-000AFF              100
        BANK11           000B00-000BFF              100
        BANK12           000C00-000CFF              100
        BANK13           000D00-000DFF              100
        BANK14           000E00-000EFF              100
        BANK15           000F00-000F5F               60
        BANK2            000200-0002FF              100
        BANK3            000300-0003FF              100
        BANK4            000400-0004FF              100
        BANK5            000500-0005FF              100
        BANK6            000600-0006FF              100
        BANK7            000700-0007FF              100
        BANK8            000800-0008FF              100
        BANK9            000900-0009FF              100
        BIGRAM           000054-00005F                C
                         0000E1-000F5F              E7F
        BIGSFR           000F60-000FFF               A0
        CODE             000004-000007                4
                         000074-000FFF              F8C
                         001F8C-00FFFF             E074
        COMRAM           000054-00005F                C
        CONST            000004-000007                4
                         000074-000FFF              F8C
                         001F8C-00FFFF             E074
        EEDATA           F00000-F003FF              400
        MEDIUMCONST      001F8C-00FFFF             E074
        RAM              0000E1-000F5F              100
        SFR              000F60-000FFF               A0
        SMALLCONST       001F8C-00FFFF              100

                                  Symbol Table

?_ModbasRtu_Register_address                   cstackCOMRAM 000007
?_crc_chk                                      cstackCOMRAM 000007
Changing_Discrete_Output@address               cstackCOMRAM 000014
Data_integrity@Temp22                          cstackCOMRAM 000011
Data_integrity@Temp33                          cstackCOMRAM 000013
EUSART_SetErrorHandler@interruptHandler        cstackCOMRAM 000007
EUSART_SetFramingErrorHandler@interruptHandler cstackCOMRAM 000007
EUSART_SetOverrunErrorHandler@interruptHandler cstackCOMRAM 000007
EUSART_SetRxInterruptHandler@interruptHandler  cstackCOMRAM 000007
EUSART_SetTxInterruptHandler@interruptHandler  cstackCOMRAM 000007
Error_modbasRtu@Temp_Error                     cstackCOMRAM 000013
I2C_CallbackReturnReset@funPtr                 cstackCOMRAM 000010
I2C_Close@returnValue                          cstackCOMRAM 000007
I2C_MasterOperation@read                       cstackCOMRAM 000016
I2C_MasterOperation@returnValue                cstackCOMRAM 000017
I2C_MasterSendTxData@data                      cstackCOMRAM 000007
I2C_Open@address                               cstackCOMRAM 000007
I2C_Open@returnValue                           cstackCOMRAM 000008
I2C_ReadNBytes@address                         cstackCOMRAM 00001C
I2C_ReadNBytes@data                            cstackCOMRAM 000018
I2C_ReadNBytes@len                             cstackCOMRAM 00001A
I2C_SetAddressNackCallback@cb                  cstackCOMRAM 00000C
I2C_SetAddressNackCallback@ptr                 cstackCOMRAM 00000E
I2C_SetBuffer@buffer                           cstackCOMRAM 000007
I2C_SetBuffer@bufferSize                       cstackCOMRAM 000009
I2C_SetCallback@cb                             cstackCOMRAM 000007
I2C_SetCallback@idx                            cstackCOMRAM 00000B
I2C_SetCallback@ptr                            cstackCOMRAM 000009
I2C_SetDataCompleteCallback@cb                 cstackCOMRAM 00000C
I2C_SetDataCompleteCallback@ptr                cstackCOMRAM 00000E
I2C_WriteNBytes@address                        cstackCOMRAM 00001C
I2C_WriteNBytes@data                           cstackCOMRAM 000018
I2C_WriteNBytes@len                            cstackCOMRAM 00001A
ModbasRtu_Register_address@Hi                  cstackCOMRAM 00000D
ModbasRtu_Register_address@Li                  cstackCOMRAM 00000E
Read_analog_input@Adress                       cstackCOMRAM 000020
Read_analog_input@Danie                        cstackCOMRAM 00001A
Read_analog_input@Massiv                       cstackCOMRAM 000014
Read_analog_input@Number_                      cstackCOMRAM 000016
Read_analog_input@Number_bits                  cstackCOMRAM 00001E
Read_analog_input@Vt                           cstackCOMRAM 000017
Read_analog_input@address                      cstackCOMRAM 00001C
Reading_Discrete_Output@Danie                  cstackCOMRAM 000019
Reading_Discrete_Output@Massiv                 cstackCOMRAM 000014
Reading_Discrete_Output@Number_                cstackCOMRAM 000016
Reading_Discrete_Output@Number_bits            cstackCOMRAM 00001E
Reading_Discrete_Output@Temp                   cstackCOMRAM 00001A
Reading_Discrete_Output@Temp2                  cstackCOMRAM 00001B
Reading_Discrete_Output@Temp3                  cstackCOMRAM 00001D
Reading_Discrete_Output@address                cstackCOMRAM 000020
Reading_Discrete_Output@address2               cstackCOMRAM 00001C
TMR0_SetInterruptHandler@InterruptHandler      cstackCOMRAM 000007
USART_RXC_vect@TempModbas                      cstackCOMRAM 000002
_ANSEL                                         (abs)        000F7E
_ANSELH                                        (abs)        000F7F
_BAUDCON                                       (abs)        000FB8
_Bit_action_ModbasRtu                          bssCOMRAM    00003C
_Changing_Discrete_Output                      text6        001806
_D                                             bssCOMRAM    00003B
_Danie_ModbasRtu_Binary_Output                 bssCOMRAM    00003F
_Danie_ModbasRtu_Binary_input                  bssCOMRAM    000041
_Danie_ModbasRtu_analog_Output                 bssBANK0     0000AA
_Danie_ModbasRtu_analog_input                  bssBANK0     0000BE
_Danie_Rx_ModbasRtu                            bssBANK0     00008C
_Data_integrity                                text11       0018BA
_EUSART_DefaultErrorHandler                    text91       001F46
_EUSART_DefaultFramingErrorHandler             text90       001F8A
_EUSART_DefaultOverrunErrorHandler             text89       001F40
_EUSART_ErrorHandler                           nvBANK0      0000DD
_EUSART_FramingErrorHandler                    nvCOMRAM     000043
_EUSART_Initialize                             text21       001652
_EUSART_OverrunErrorHandler                    nvBANK0      0000DF
_EUSART_Receive_ISR                            text81       001430
_EUSART_RxDataHandler                          text92       001D58
_EUSART_RxDefaultInterruptHandler              nvCOMRAM     000045
_EUSART_SetErrorHandler                        text26       001EC8
_EUSART_SetFramingErrorHandler                 text25       001EBE
_EUSART_SetOverrunErrorHandler                 text24       001EB4
_EUSART_SetRxInterruptHandler                  text23       001EAA
_EUSART_SetTxInterruptHandler                  text22       001EA0
_EUSART_Transmit_ISR                           text79       001C52
_EUSART_TxDefaultInterruptHandler              nvCOMRAM     000047
_Error_modbasRtu                               text9        001E08
_I2C_CallbackReturnReset                       text61       001F5C
_I2C_CallbackReturnStop                        text62       001F60
_I2C_Close                                     text74       001D36
_I2C_DO_ADDRESS_NACK                           text38       001968
_I2C_DO_IDLE                                   text52       001E74
_I2C_DO_RCEN                                   text47       001E68
_I2C_DO_RESET                                  text39       001E5C
_I2C_DO_RX                                     text48       0015D6
_I2C_DO_RX_ACK                                 text42       001EF2
_I2C_DO_RX_NACK_RESTART                        text40       001EE2
_I2C_DO_RX_NACK_STOP                           text41       001EEA
_I2C_DO_SEND_ADR_READ                          text51       001E3C
_I2C_DO_SEND_ADR_WRITE                         text50       001E2C
_I2C_DO_SEND_RESTART                           text44       001F02
_I2C_DO_SEND_RESTART_READ                      text46       001F12
_I2C_DO_SEND_RESTART_WRITE                     text45       001F0A
_I2C_DO_SEND_STOP                              text43       001EFA
_I2C_DO_TX                                     text49       0014C2
_I2C_DO_TX_EMPTY                               text53       0017A6
_I2C_Initialize                                text20       001DF4
_I2C_MasterClearIrq                            text77       001F78
_I2C_MasterClose                               text76       001F74
_I2C_MasterDisableIrq                          text75       001F70
_I2C_MasterEnableRestart                       text72       001F68
_I2C_MasterFsm                                 text37       001860
_I2C_MasterGetRxData                           text58       001F54
_I2C_MasterIsNack                              text55       001E80
_I2C_MasterOpen                                text32       001DC4
_I2C_MasterOperation                           text34       001B76
_I2C_MasterRead                                text33       001EDA
_I2C_MasterSendAck                             text57       001F2E
_I2C_MasterSendNack                            text59       001F34
_I2C_MasterSendTxData                          text56       001F1A
_I2C_MasterSetIrq                              text54       001F50
_I2C_MasterStart                               text73       001F6C
_I2C_MasterStartRx                             text60       001F58
_I2C_MasterStop                                text71       001F64
_I2C_MasterWaitForEvent                        text36       001F28
_I2C_MasterWrite                               text29       001ED2
_I2C_Open                                      text31       001552
_I2C_Poller                                    text35       001E1A
_I2C_ReadNBytes                                text30       001B44
_I2C_SetAddressNackCallback                    text28       001DAC
_I2C_SetBuffer                                 text70       001D92
_I2C_SetCallback                               text69       001738
_I2C_SetDataCompleteCallback                   text68       001DDC
_I2C_Status                                    bssBANK0     000060
_I2C_WriteNBytes                               text27       001A00
_INTCON2bits                                   (abs)        000FF1
_INTCONbits                                    (abs)        000FF2
_INTERRUPT_Initialize                          text19       001F4C
_INTERRUPT_InterruptManager                    intcode      000008
_LATA                                          (abs)        000F89
_LATAbits                                      (abs)        000F89
_LATB                                          (abs)        000F8A
_LATC                                          (abs)        000F8B
_ModbasRtu_Register_address                    text8        001B0A
_OSCCON                                        (abs)        000FD3
_OSCILLATOR_Initialize                         text18       001E96
_OSCTUNE                                       (abs)        000F9B
_PIE1bits                                      (abs)        000F9D
_PIN_MANAGER_Initialize                        text17       001CCA
_PIR1bits                                      (abs)        000F9E
_PIR2bits                                      (abs)        000FA1
_PORTAbits                                     (abs)        000F80
_RCONbits                                      (abs)        000FD0
_RCREG                                         (abs)        000FAE
_RCSTA                                         (abs)        000FAB
_RCSTAbits                                     (abs)        000FAB
_Read_analog_input                             text5        001142
_Reading_Discrete_Output                       text4        001022
_SPBRG                                         (abs)        000FAF
_SPBRGH                                        (abs)        000FB0
_SSPADD                                        (abs)        000FC8
_SSPBUF                                        (abs)        000FC9
_SSPCON1                                       (abs)        000FC6
_SSPCON1bits                                   (abs)        000FC6
_SSPCON2                                       (abs)        000FC5
_SSPCON2bits                                   (abs)        000FC5
_SSPSTAT                                       (abs)        000FC7
_SSPSTATbits                                   (abs)        000FC7
_SYSTEM_Initialize                             text14       001D78
_T0CON                                         (abs)        000FD5
_T0CONbits                                     (abs)        000FD5
_TIMER0_COMP_vect                              text87       001E4C
_TMR0H                                         (abs)        000FD7
_TMR0L                                         (abs)        000FD6
_TMR0_DefaultInterruptHandler                  text86       001F88
_TMR0_ISR                                      text85       001C7C
_TMR0_Initialize                               text15       001D14
_TMR0_InterruptHandler                         nvCOMRAM     000049
_TMR0_Reload                                   text84       001F3A
_TMR0_SetInterruptHandler                      text16       001E8C
_TMR0_StartTimer                               text83       001F80
_TMR0_StopTimer                                text88       001F84
_TRISA                                         (abs)        000F92
_TRISB                                         (abs)        000F93
_TRISC                                         (abs)        000F94
_TXREG                                         (abs)        000FAD
_TXSTA                                         (abs)        000FAC
_TXSTAbits                                     (abs)        000FAC
_Temp_ModbasRtu                                bssCOMRAM    00003D
_USART_RXC_vect                                text82       001912
_USART_TXC_vect                                text80       001F7C
_USART_UDRE_vect                               text13       001CF0
_USART_UDR_vect                                bssCOMRAM    00003A
_WPUB                                          (abs)        000F7C
__Bin_input_Output                             text7        001388
__Bin_input_Output@Masiv                       cstackCOMRAM 000008
__Bin_input_Output@NUMBER                      cstackCOMRAM 00000D
__Bin_input_Output@Sd                          cstackCOMRAM 00000A
__Bin_input_Output@Temp                        cstackCOMRAM 00000E
__Bin_input_Output@Temp1                       cstackCOMRAM 00000F
__Bin_input_Output@state                       cstackCOMRAM 000007
__HRAM                                         (abs)        000000
__Habs1                                        abs1         000000
__Hbank0                                       bank0        000000
__Hbank1                                       bank1        000000
__Hbank10                                      bank10       000000
__Hbank11                                      bank11       000000
__Hbank12                                      bank12       000000
__Hbank13                                      bank13       000000
__Hbank14                                      bank14       000000
__Hbank15                                      bank15       000000
__Hbank2                                       bank2        000000
__Hbank3                                       bank3        000000
__Hbank4                                       bank4        000000
__Hbank5                                       bank5        000000
__Hbank6                                       bank6        000000
__Hbank7                                       bank7        000000
__Hbank8                                       bank8        000000
__Hbank9                                       bank9        000000
__Hbigbss                                      bigbss       000000
__Hbigdata                                     bigdata      000000
__Hbigram                                      bigram       000000
__Hbigsfr                                      bigsfr       000000
__Hbss                                         bss          000000
__HbssBANK0                                    bssBANK0     000000
__HbssCOMRAM                                   bssCOMRAM    000000
__Hcinit                                       cinit        000000
__Hclrtext                                     clrtext      000000
__Hcomram                                      comram       000000
__Hconfig                                      config       30000E
__Hconst                                       const        000000
__HcstackBANK0                                 cstackBANK0  000000
__HcstackCOMRAM                                cstackCOMRAM 000000
__Hdata                                        data         000000
__HdataCOMRAM                                  dataCOMRAM   000000
__Heeprom_data                                 eeprom_data  000000
__Hfarbss                                      farbss       000000
__Hfardata                                     fardata      000000
__Hheap                                        heap         000000
__Hibigdata                                    ibigdata     000000
__Hidata                                       idata        000000
__HidataCOMRAM                                 idataCOMRAM  000000
__Hidloc                                       idloc        200008
__Hifardata                                    ifardata     000000
__Hinit                                        init         000074
__Hintcode                                     intcode      000070
__Hintcode_body                                intcode_body 000000
__Hintcodelo                                   intcodelo    000070
__Hintentry                                    intentry     000000
__Hintret                                      intret       000000
__Hintsave_regs                                intsave_regs 000000
__Hirdata                                      irdata       000000
__Hmediumconst                                 mediumconst  000000
__HnvBANK0                                     nvBANK0      000000
__HnvCOMRAM                                    nvCOMRAM     000000
__HnvFARRAM                                    nvFARRAM     000000
__Hnvbit                                       nvbit        000000
__Hnvrram                                      nvrram       000000
__Hparam                                       rparam       000000
__Hpowerup                                     powerup      000070
__Hram                                         ram          000000
__Hramtop                                      ramtop       001000
__Hrbit                                        rbit         000000
__Hrbss                                        rbss         000000
__Hrdata                                       rdata        000000
__Hreset_vec                                   reset_vec    000004
__Hrparam                                      rparam       000000
__Hsfr                                         sfr          000000
__Hsmallconst                                  smallconst   001022
__Hspace_0                                     (abs)        001F8C
__Hspace_1                                     (abs)        0000E1
__Hspace_2                                     (abs)        000000
__Hspace_4                                     (abs)        60000E
__Hstack                                       stack        000000
__Hstruct                                      struct       000000
__Htemp                                        temp         000054
__Htext                                        text         000000
__Htext0                                       text0        000000
__Htext1                                       text1        000000
__Htext10                                      text10       000000
__Htext11                                      text11       000000
__Htext12                                      text12       000000
__Htext13                                      text13       000000
__Htext14                                      text14       000000
__Htext15                                      text15       000000
__Htext16                                      text16       000000
__Htext17                                      text17       000000
__Htext18                                      text18       000000
__Htext19                                      text19       000000
__Htext2                                       text2        000000
__Htext20                                      text20       000000
__Htext21                                      text21       000000
__Htext22                                      text22       000000
__Htext23                                      text23       000000
__Htext24                                      text24       000000
__Htext25                                      text25       000000
__Htext26                                      text26       000000
__Htext27                                      text27       000000
__Htext28                                      text28       000000
__Htext29                                      text29       000000
__Htext3                                       text3        000000
__Htext30                                      text30       000000
__Htext31                                      text31       000000
__Htext32                                      text32       000000
__Htext33                                      text33       000000
__Htext34                                      text34       000000
__Htext35                                      text35       000000
__Htext36                                      text36       000000
__Htext37                                      text37       000000
__Htext38                                      text38       000000
__Htext39                                      text39       000000
__Htext4                                       text4        000000
__Htext40                                      text40       000000
__Htext41                                      text41       000000
__Htext42                                      text42       000000
__Htext43                                      text43       000000
__Htext44                                      text44       000000
__Htext45                                      text45       000000
__Htext46                                      text46       000000
__Htext47                                      text47       000000
__Htext48                                      text48       000000
__Htext49                                      text49       000000
__Htext5                                       text5        000000
__Htext50                                      text50       000000
__Htext51                                      text51       000000
__Htext52                                      text52       000000
__Htext53                                      text53       000000
__Htext54                                      text54       000000
__Htext55                                      text55       000000
__Htext56                                      text56       000000
__Htext57                                      text57       000000
__Htext58                                      text58       000000
__Htext59                                      text59       000000
__Htext6                                       text6        000000
__Htext60                                      text60       000000
__Htext61                                      text61       000000
__Htext62                                      text62       000000
__Htext63                                      text63       000000
__Htext64                                      text64       000000
__Htext65                                      text65       000000
__Htext66                                      text66       000000
__Htext67                                      text67       000000
__Htext68                                      text68       000000
__Htext69                                      text69       000000
__Htext7                                       text7        000000
__Htext70                                      text70       000000
__Htext71                                      text71       000000
__Htext72                                      text72       000000
__Htext73                                      text73       000000
__Htext74                                      text74       000000
__Htext75                                      text75       000000
__Htext76                                      text76       000000
__Htext77                                      text77       000000
__Htext79                                      text79       000000
__Htext8                                       text8        000000
__Htext80                                      text80       000000
__Htext81                                      text81       000000
__Htext82                                      text82       000000
__Htext83                                      text83       000000
__Htext84                                      text84       000000
__Htext85                                      text85       000000
__Htext86                                      text86       000000
__Htext87                                      text87       000000
__Htext88                                      text88       000000
__Htext89                                      text89       000000
__Htext9                                       text9        000000
__Htext90                                      text90       000000
__Htext91                                      text91       000000
__Htext92                                      text92       000000
__Htext93                                      text93       000000
__LRAM                                         (abs)        000001
__Labs1                                        abs1         000000
__Lbank0                                       bank0        000000
__Lbank1                                       bank1        000000
__Lbank10                                      bank10       000000
__Lbank11                                      bank11       000000
__Lbank12                                      bank12       000000
__Lbank13                                      bank13       000000
__Lbank14                                      bank14       000000
__Lbank15                                      bank15       000000
__Lbank2                                       bank2        000000
__Lbank3                                       bank3        000000
__Lbank4                                       bank4        000000
__Lbank5                                       bank5        000000
__Lbank6                                       bank6        000000
__Lbank7                                       bank7        000000
__Lbank8                                       bank8        000000
__Lbank9                                       bank9        000000
__Lbigbss                                      bigbss       000000
__Lbigdata                                     bigdata      000000
__Lbigram                                      bigram       000000
__Lbigsfr                                      bigsfr       000000
__Lbss                                         bss          000000
__LbssBANK0                                    bssBANK0     000000
__LbssCOMRAM                                   bssCOMRAM    000000
__Lcinit                                       cinit        000000
__Lclrtext                                     clrtext      000000
__Lcomram                                      comram       000000
__Lconfig                                      config       000000
__Lconst                                       const        000000
__LcstackBANK0                                 cstackBANK0  000000
__LcstackCOMRAM                                cstackCOMRAM 000000
__Ldata                                        data         000000
__LdataCOMRAM                                  dataCOMRAM   000000
__Leeprom_data                                 eeprom_data  000000
__Lfarbss                                      farbss       000000
__Lfardata                                     fardata      000000
__Lheap                                        heap         000000
__Libigdata                                    ibigdata     000000
__Lidata                                       idata        000000
__LidataCOMRAM                                 idataCOMRAM  000000
__Lidloc                                       idloc        000000
__Lifardata                                    ifardata     000000
__Linit                                        init         000070
__Lintcode                                     intcode      000008
__Lintcode_body                                intcode_body 000000
__Lintcodelo                                   intcodelo    000070
__Lintentry                                    intentry     000000
__Lintret                                      intret       000000
__Lintsave_regs                                intsave_regs 000000
__Lirdata                                      irdata       000000
__Lmediumconst                                 mediumconst  000000
__LnvBANK0                                     nvBANK0      000000
__LnvCOMRAM                                    nvCOMRAM     000000
__LnvFARRAM                                    nvFARRAM     000000
__Lnvbit                                       nvbit        000000
__Lnvrram                                      nvrram       000000
__Lparam                                       rparam       000000
__Lpowerup                                     powerup      000070
__Lram                                         ram          000000
__Lramtop                                      ramtop       001000
__Lrbit                                        rbit         000000
__Lrbss                                        rbss         000000
__Lrdata                                       rdata        000000
__Lreset_vec                                   reset_vec    000000
__Lrparam                                      rparam       000000
__Lsfr                                         sfr          000000
__Lsmallconst                                  smallconst   001000
__Lspace_0                                     (abs)        000000
__Lspace_1                                     (abs)        000000
__Lspace_2                                     (abs)        000000
__Lspace_4                                     (abs)        000000
__Lstack                                       stack        000000
__Lstruct                                      struct       000000
__Ltemp                                        temp         000053
__Ltext                                        text         000000
__Ltext0                                       text0        000000
__Ltext1                                       text1        000000
__Ltext10                                      text10       000000
__Ltext11                                      text11       000000
__Ltext12                                      text12       000000
__Ltext13                                      text13       000000
__Ltext14                                      text14       000000
__Ltext15                                      text15       000000
__Ltext16                                      text16       000000
__Ltext17                                      text17       000000
__Ltext18                                      text18       000000
__Ltext19                                      text19       000000
__Ltext2                                       text2        000000
__Ltext20                                      text20       000000
__Ltext21                                      text21       000000
__Ltext22                                      text22       000000
__Ltext23                                      text23       000000
__Ltext24                                      text24       000000
__Ltext25                                      text25       000000
__Ltext26                                      text26       000000
__Ltext27                                      text27       000000
__Ltext28                                      text28       000000
__Ltext29                                      text29       000000
__Ltext3                                       text3        000000
__Ltext30                                      text30       000000
__Ltext31                                      text31       000000
__Ltext32                                      text32       000000
__Ltext33                                      text33       000000
__Ltext34                                      text34       000000
__Ltext35                                      text35       000000
__Ltext36                                      text36       000000
__Ltext37                                      text37       000000
__Ltext38                                      text38       000000
__Ltext39                                      text39       000000
__Ltext4                                       text4        000000
__Ltext40                                      text40       000000
__Ltext41                                      text41       000000
__Ltext42                                      text42       000000
__Ltext43                                      text43       000000
__Ltext44                                      text44       000000
__Ltext45                                      text45       000000
__Ltext46                                      text46       000000
__Ltext47                                      text47       000000
__Ltext48                                      text48       000000
__Ltext49                                      text49       000000
__Ltext5                                       text5        000000
__Ltext50                                      text50       000000
__Ltext51                                      text51       000000
__Ltext52                                      text52       000000
__Ltext53                                      text53       000000
__Ltext54                                      text54       000000
__Ltext55                                      text55       000000
__Ltext56                                      text56       000000
__Ltext57                                      text57       000000
__Ltext58                                      text58       000000
__Ltext59                                      text59       000000
__Ltext6                                       text6        000000
__Ltext60                                      text60       000000
__Ltext61                                      text61       000000
__Ltext62                                      text62       000000
__Ltext63                                      text63       000000
__Ltext64                                      text64       000000
__Ltext65                                      text65       000000
__Ltext66                                      text66       000000
__Ltext67                                      text67       000000
__Ltext68                                      text68       000000
__Ltext69                                      text69       000000
__Ltext7                                       text7        000000
__Ltext70                                      text70       000000
__Ltext71                                      text71       000000
__Ltext72                                      text72       000000
__Ltext73                                      text73       000000
__Ltext74                                      text74       000000
__Ltext75                                      text75       000000
__Ltext76                                      text76       000000
__Ltext77                                      text77       000000
__Ltext79                                      text79       000000
__Ltext8                                       text8        000000
__Ltext80                                      text80       000000
__Ltext81                                      text81       000000
__Ltext82                                      text82       000000
__Ltext83                                      text83       000000
__Ltext84                                      text84       000000
__Ltext85                                      text85       000000
__Ltext86                                      text86       000000
__Ltext87                                      text87       000000
__Ltext88                                      text88       000000
__Ltext89                                      text89       000000
__Ltext9                                       text9        000000
__Ltext90                                      text90       000000
__Ltext91                                      text91       000000
__Ltext92                                      text92       000000
__Ltext93                                      text93       000000
__S0                                           (abs)        001F8C
__S1                                           (abs)        0000E1
__S4                                           (abs)        000000
__S5                                           (abs)        000000
___heap_hi                                     (abs)        000000
___heap_lo                                     (abs)        000000
___inthi_sp                                    stack        000000
___intlo_sp                                    stack        000000
___param_bank                                  (abs)        000000
___rparam_used                                 (abs)        000001
___sp                                          stack        000000
__accesstop                                    (abs)        000060
__activetblptr                                 (abs)        000003
__end_of_Changing_Discrete_Output              text6        001860
__end_of_Data_integrity                        text11       001912
__end_of_EUSART_DefaultErrorHandler            text91       001F4C
__end_of_EUSART_DefaultFramingErrorHandler     text90       001F8C
__end_of_EUSART_DefaultOverrunErrorHandler     text89       001F46
__end_of_EUSART_Initialize                     text21       0016C6
__end_of_EUSART_Receive_ISR                    text81       0014C2
__end_of_EUSART_RxDataHandler                  text92       001D78
__end_of_EUSART_SetErrorHandler                text26       001ED2
__end_of_EUSART_SetFramingErrorHandler         text25       001EC8
__end_of_EUSART_SetOverrunErrorHandler         text24       001EBE
__end_of_EUSART_SetRxInterruptHandler          text23       001EB4
__end_of_EUSART_SetTxInterruptHandler          text22       001EAA
__end_of_EUSART_Transmit_ISR                   text79       001C7C
__end_of_Error_modbasRtu                       text9        001E1A
__end_of_I2C_CallbackReturnReset               text61       001F60
__end_of_I2C_CallbackReturnStop                text62       001F64
__end_of_I2C_Close                             text74       001D58
__end_of_I2C_DO_ADDRESS_NACK                   text38       0019B8
__end_of_I2C_DO_IDLE                           text52       001E80
__end_of_I2C_DO_RCEN                           text47       001E74
__end_of_I2C_DO_RESET                          text39       001E68
__end_of_I2C_DO_RX                             text48       001652
__end_of_I2C_DO_RX_ACK                         text42       001EFA
__end_of_I2C_DO_RX_NACK_RESTART                text40       001EEA
__end_of_I2C_DO_RX_NACK_STOP                   text41       001EF2
__end_of_I2C_DO_SEND_ADR_READ                  text51       001E4C
__end_of_I2C_DO_SEND_ADR_WRITE                 text50       001E3C
__end_of_I2C_DO_SEND_RESTART                   text44       001F0A
__end_of_I2C_DO_SEND_RESTART_READ              text46       001F1A
__end_of_I2C_DO_SEND_RESTART_WRITE             text45       001F12
__end_of_I2C_DO_SEND_STOP                      text43       001F02
__end_of_I2C_DO_TX                             text49       001552
__end_of_I2C_DO_TX_EMPTY                       text53       001806
__end_of_I2C_Initialize                        text20       001E08
__end_of_I2C_MasterClearIrq                    text77       001F7C
__end_of_I2C_MasterClose                       text76       001F78
__end_of_I2C_MasterDisableIrq                  text75       001F74
__end_of_I2C_MasterEnableRestart               text72       001F6C
__end_of_I2C_MasterFsm                         text37       0018BA
__end_of_I2C_MasterGetRxData                   text58       001F58
__end_of_I2C_MasterIsNack                      text55       001E8C
__end_of_I2C_MasterOpen                        text32       001DDC
__end_of_I2C_MasterOperation                   text34       001BA2
__end_of_I2C_MasterRead                        text33       001EE2
__end_of_I2C_MasterSendAck                     text57       001F34
__end_of_I2C_MasterSendNack                    text59       001F3A
__end_of_I2C_MasterSendTxData                  text56       001F22
__end_of_I2C_MasterSetIrq                      text54       001F54
__end_of_I2C_MasterStart                       text73       001F70
__end_of_I2C_MasterStartRx                     text60       001F5C
__end_of_I2C_MasterStop                        text71       001F68
__end_of_I2C_MasterWaitForEvent                text36       001F2E
__end_of_I2C_MasterWrite                       text29       001EDA
__end_of_I2C_Open                              text31       0015D6
__end_of_I2C_Poller                            text35       001E2C
__end_of_I2C_ReadNBytes                        text30       001B76
__end_of_I2C_SetAddressNackCallback            text28       001DC4
__end_of_I2C_SetBuffer                         text70       001DAC
__end_of_I2C_SetCallback                       text69       0017A6
__end_of_I2C_SetDataCompleteCallback           text68       001DF4
__end_of_I2C_WriteNBytes                       text27       001A46
__end_of_INTERRUPT_Initialize                  text19       001F50
__end_of_INTERRUPT_InterruptManager            intcode      000070
__end_of_ModbasRtu_Register_address            text8        001B44
__end_of_OSCILLATOR_Initialize                 text18       001EA0
__end_of_PIN_MANAGER_Initialize                text17       001CF0
__end_of_Read_analog_input                     text5        00121C
__end_of_Reading_Discrete_Output               text4        001142
__end_of_SYSTEM_Initialize                     text14       001D92
__end_of_TIMER0_COMP_vect                      text87       001E5C
__end_of_TMR0_DefaultInterruptHandler          text86       001F8A
__end_of_TMR0_ISR                              text85       001CA4
__end_of_TMR0_Initialize                       text15       001D36
__end_of_TMR0_Reload                           text84       001F40
__end_of_TMR0_SetInterruptHandler              text16       001E96
__end_of_TMR0_StartTimer                       text83       001F84
__end_of_TMR0_StopTimer                        text88       001F88
__end_of_USART_RXC_vect                        text82       001968
__end_of_USART_TXC_vect                        text80       001F80
__end_of_USART_UDRE_vect                       text13       001D14
__end_of__Bin_input_Output                     text7        001430
__end_of__initialization                       cinit        001A7E
__end_of_analog_output_recording               text3        001A00
__end_of_check_sum                             text10       001ACA
__end_of_crc_chk                               text12       001738
__end_of_i2c_fsmStateTable                     smallconst   001021
__end_of_main                                  text0        001388
__end_of_modbasRtu_Answer                      text2        0012D6
__end_of_modbasRtu_Slave                       text1        001CCA
__end_of_rd1RegCompleteHandler                 text66       001C26
__end_of_rd2RegCompleteHandler                 text65       001BFA
__end_of_rdBlkRegCompleteHandler               text63       001B0A
__end_of_wr1RegCompleteHandler                 text64       001BCE
__end_of_wr2RegCompleteHandler                 text67       001C52
__initialization                               cinit        001A46
__mediumconst                                  mediumconst  000000
__pbssBANK0                                    bssBANK0     000060
__pbssCOMRAM                                   bssCOMRAM    000024
__pcinit                                       cinit        001A46
__pcstackBANK0                                 cstackBANK0  0000D2
__pcstackCOMRAM                                cstackCOMRAM 000001
__pdataCOMRAM                                  dataCOMRAM   00004D
__pidataCOMRAM                                 idataCOMRAM  001F22
__pintcode                                     intcode      000008
__pnvBANK0                                     nvBANK0      0000DD
__pnvCOMRAM                                    nvCOMRAM     000043
__psmallconst                                  smallconst   001000
__ptext0                                       text0        0012D6
__ptext1                                       text1        001CA4
__ptext10                                      text10       001A88
__ptext11                                      text11       0018BA
__ptext12                                      text12       0016C6
__ptext13                                      text13       001CF0
__ptext14                                      text14       001D78
__ptext15                                      text15       001D14
__ptext16                                      text16       001E8C
__ptext17                                      text17       001CCA
__ptext18                                      text18       001E96
__ptext19                                      text19       001F4C
__ptext2                                       text2        00121C
__ptext20                                      text20       001DF4
__ptext21                                      text21       001652
__ptext22                                      text22       001EA0
__ptext23                                      text23       001EAA
__ptext24                                      text24       001EB4
__ptext25                                      text25       001EBE
__ptext26                                      text26       001EC8
__ptext27                                      text27       001A00
__ptext28                                      text28       001DAC
__ptext29                                      text29       001ED2
__ptext3                                       text3        0019B8
__ptext30                                      text30       001B44
__ptext31                                      text31       001552
__ptext32                                      text32       001DC4
__ptext33                                      text33       001EDA
__ptext34                                      text34       001B76
__ptext35                                      text35       001E1A
__ptext36                                      text36       001F28
__ptext37                                      text37       001860
__ptext38                                      text38       001968
__ptext39                                      text39       001E5C
__ptext4                                       text4        001022
__ptext40                                      text40       001EE2
__ptext41                                      text41       001EEA
__ptext42                                      text42       001EF2
__ptext43                                      text43       001EFA
__ptext44                                      text44       001F02
__ptext45                                      text45       001F0A
__ptext46                                      text46       001F12
__ptext47                                      text47       001E68
__ptext48                                      text48       0015D6
__ptext49                                      text49       0014C2
__ptext5                                       text5        001142
__ptext50                                      text50       001E2C
__ptext51                                      text51       001E3C
__ptext52                                      text52       001E74
__ptext53                                      text53       0017A6
__ptext54                                      text54       001F50
__ptext55                                      text55       001E80
__ptext56                                      text56       001F1A
__ptext57                                      text57       001F2E
__ptext58                                      text58       001F54
__ptext59                                      text59       001F34
__ptext6                                       text6        001806
__ptext60                                      text60       001F58
__ptext61                                      text61       001F5C
__ptext62                                      text62       001F60
__ptext63                                      text63       001ACA
__ptext64                                      text64       001BA2
__ptext65                                      text65       001BCE
__ptext66                                      text66       001BFA
__ptext67                                      text67       001C26
__ptext68                                      text68       001DDC
__ptext69                                      text69       001738
__ptext7                                       text7        001388
__ptext70                                      text70       001D92
__ptext71                                      text71       001F64
__ptext72                                      text72       001F68
__ptext73                                      text73       001F6C
__ptext74                                      text74       001D36
__ptext75                                      text75       001F70
__ptext76                                      text76       001F74
__ptext77                                      text77       001F78
__ptext79                                      text79       001C52
__ptext8                                       text8        001B0A
__ptext80                                      text80       001F7C
__ptext81                                      text81       001430
__ptext82                                      text82       001912
__ptext83                                      text83       001F80
__ptext84                                      text84       001F3A
__ptext85                                      text85       001C7C
__ptext86                                      text86       001F88
__ptext87                                      text87       001E4C
__ptext88                                      text88       001F84
__ptext89                                      text89       001F40
__ptext9                                       text9        001E08
__ptext90                                      text90       001F8A
__ptext91                                      text91       001F46
__ptext92                                      text92       001D58
__ptext93                                      text93       000000
__ramtop                                       ramtop       001000
__smallconst                                   smallconst   001000
_analog_output_recording                       text3        0019B8
_check_sum                                     text10       001A88
_crc_chk                                       text12       0016C6
_eusartRxBuffer                                bssBANK0     000084
_eusartRxCount                                 bssCOMRAM    000035
_eusartRxHead                                  bssCOMRAM    000037
_eusartRxLastError                             bssCOMRAM    000034
_eusartRxStatusBuffer                          bssCOMRAM    000024
_eusartRxTail                                  bssCOMRAM    000036
_eusartTxBuffer                                bssCOMRAM    00002C
_eusartTxBufferRemaining                       nvCOMRAM     00004B
_eusartTxHead                                  bssCOMRAM    000039
_eusartTxTail                                  bssCOMRAM    000038
_i2c_fsmStateTable                             smallconst   001001
_main                                          text0        0012D6
_modbasRtu_Answer                              text2        00121C
_modbasRtu_Slave                               text1        001CA4
_quantity_Data_ModbasRtu                       bssCOMRAM    00003E
_rd1RegCompleteHandler                         text66       001BFA
_rd2RegCompleteHandler                         text65       001BCE
_rdBlkRegCompleteHandler                       text63       001ACA
_timer0ReloadVal                               nvCOMRAM     00004C
_wr1RegCompleteHandler                         text64       001BA2
_wr2RegCompleteHandler                         text67       001C26
analog_output_recording@address                cstackCOMRAM 000014
btemp                                          temp         000053
check_sum@Adress                               cstackCOMRAM 000012
check_sum@RC                                   cstackCOMRAM 000010
crc_chk@data                                   cstackCOMRAM 000007
crc_chk@j                                      cstackCOMRAM 00000C
crc_chk@length                                 cstackCOMRAM 000009
crc_chk@reg_crc                                cstackCOMRAM 00000E
end_of_initialization                          cinit        001A7E
int$flags                                      temp         000053
intlevel0                                      text         000000
intlevel1                                      text         000000
intlevel2                                      text         000000
intlevel3                                      text         000000
isa$std                                        (abs)        000001
isa$xinst                                      (abs)        000000
main@F3018                                     dataCOMRAM   000050
main@F3020                                     dataCOMRAM   00004D
main@address                                   cstackBANK0  0000DB
main@bitt                                      cstackBANK0  0000DC
main@dat                                       cstackBANK0  0000D5
main@red                                       cstackBANK0  0000D8
main@red2                                      cstackBANK0  0000D2
rd1RegCompleteHandler@ptr                      cstackCOMRAM 000010
rd2RegCompleteHandler@ptr                      cstackCOMRAM 000010
rdBlkRegCompleteHandler@ptr                    cstackCOMRAM 000010
stackhi                                        (abs)        000000
stacklo                                        (abs)        000000
start                                          init         000070
start_initialization                           cinit        001A46
ttemp5                                         temp         000054
ttemp6                                         temp         000057
ttemp7                                         temp         00005B
wr1RegCompleteHandler@ptr                      cstackCOMRAM 000010
wr2RegCompleteHandler@ptr                      cstackCOMRAM 000010
wtemp8                                         temp         000054


MODULE INFORMATION

Module		Function		Class		Link	Load	Size
Modbas_RTU.c
		__Bin_input_Output		CODE           	1388	0000	168
		_modbasRtu_Answer		CODE           	121C	0000	186
		_crc_chk       		CODE           	16C6	0000	114
		_check_sum     		CODE           	1A88	0000	66
		_USART_RXC_vect		CODE           	1912	0000	86
		_modbasRtu_Slave		CODE           	1CA4	0000	38
		_Error_modbasRtu		CODE           	1E08	0000	18
		_analog_output_recording		CODE           	19B8	0000	72
		_Data_integrity		CODE           	18BA	0000	88
		_Read_analog_input		CODE           	1142	0000	218
		_USART_UDRE_vect		CODE           	1CF0	0000	36
		_USART_TXC_vect		CODE           	1F7C	0000	4
		_Reading_Discrete_Output		CODE           	1022	0000	288
		_ModbasRtu_Register_address		CODE           	1B0A	0000	58
		_Changing_Discrete_Output		CODE           	1806	0000	90
		_TIMER0_COMP_vect		CODE           	1E4C	0000	16

Modbas_RTU.c estimated size: 1546

mcc_generated_files/interrupt_manager.c
		_INTERRUPT_Initialize		CODE           	1F4C	0000	4
		_INTERRUPT_InterruptManager		CODE           	0008	0000	104

mcc_generated_files/interrupt_manager.c estimated size: 108

mcc_generated_files/examples/i2c_master_example.c
		_wr1RegCompleteHandler		CODE           	1BA2	0000	44
		_wr2RegCompleteHandler		CODE           	1C26	0000	44
		_rdBlkRegCompleteHandler		CODE           	1ACA	0000	64
		_rd1RegCompleteHandler		CODE           	1BFA	0000	44
		_rd2RegCompleteHandler		CODE           	1BCE	0000	44
		_I2C_ReadNBytes		CODE           	1B44	0000	50
		_I2C_WriteNBytes		CODE           	1A00	0000	70

mcc_generated_files/examples/i2c_master_example.c estimated size: 360

mcc_generated_files/tmr0.c
		_TMR0_SetInterruptHandler		CODE           	1E8C	0000	10
		_TMR0_StopTimer		CODE           	1F84	0000	4
		_TMR0_Reload   		CODE           	1F3A	0000	6
		_TMR0_DefaultInterruptHandler		CODE           	1F88	0000	2
		_TMR0_StartTimer		CODE           	1F80	0000	4
		_TMR0_ISR      		CODE           	1C7C	0000	40
		_TMR0_Initialize		CODE           	1D14	0000	34

mcc_generated_files/tmr0.c estimated size: 100

mcc_generated_files/pin_manager.c
		_PIN_MANAGER_Initialize		CODE           	1CCA	0000	38

mcc_generated_files/pin_manager.c estimated size: 38

shared
		__initialization		CODE           	1A46	0000	56
		_i2c_fsmStateTable		SMALLCONST     	1001	0000	32

shared estimated size: 88

mcc_generated_files/mcc.c
		_OSCILLATOR_Initialize		CODE           	1E96	0000	10
		_SYSTEM_Initialize		CODE           	1D78	0000	26

mcc_generated_files/mcc.c estimated size: 36

mcc_generated_files/i2c_master.c
		_I2C_Close     		CODE           	1D36	0000	34
		_I2C_MasterStartRx		CODE           	1F58	0000	4
		_I2C_DO_SEND_ADR_WRITE		CODE           	1E2C	0000	16
		_I2C_MasterWaitForEvent		CODE           	1F28	0000	6
		_I2C_DO_SEND_STOP		CODE           	1EFA	0000	8
		_I2C_MasterSendNack		CODE           	1F34	0000	6
		_I2C_MasterDisableIrq		CODE           	1F70	0000	4
		_I2C_CallbackReturnStop		CODE           	1F60	0000	4
		_I2C_MasterOperation		CODE           	1B76	0000	44
		_I2C_DO_SEND_ADR_READ		CODE           	1E3C	0000	16
		_I2C_DO_RX_NACK_STOP		CODE           	1EEA	0000	8
		_I2C_DO_SEND_RESTART		CODE           	1F02	0000	8
		_I2C_DO_RX     		CODE           	15D6	0000	124
		_I2C_DO_TX     		CODE           	14C2	0000	144
		_I2C_DO_IDLE   		CODE           	1E74	0000	12
		_I2C_DO_RCEN   		CODE           	1E68	0000	12
		_I2C_Poller    		CODE           	1E1A	0000	18
		_I2C_DO_RESET  		CODE           	1E5C	0000	12
		_I2C_MasterClose		CODE           	1F74	0000	4
		_I2C_MasterWrite		CODE           	1ED2	0000	8
		_I2C_DO_RX_ACK 		CODE           	1EF2	0000	8
		_I2C_MasterStart		CODE           	1F6C	0000	4
		_I2C_MasterClearIrq		CODE           	1F78	0000	4
		_I2C_MasterGetRxData		CODE           	1F54	0000	4
		_I2C_SetCallback		CODE           	1738	0000	110
		_I2C_DO_ADDRESS_NACK		CODE           	1968	0000	80
		_I2C_MasterEnableRestart		CODE           	1F68	0000	4
		_I2C_CallbackReturnReset		CODE           	1F5C	0000	4
		_I2C_Open      		CODE           	1552	0000	132
		_I2C_SetAddressNackCallback		CODE           	1DAC	0000	24
		_I2C_DO_TX_EMPTY		CODE           	17A6	0000	96
		_I2C_DO_SEND_RESTART_WRITE		CODE           	1F0A	0000	8
		_I2C_MasterIsNack		CODE           	1E80	0000	12
		_I2C_SetDataCompleteCallback		CODE           	1DDC	0000	24
		_I2C_DO_RX_NACK_RESTART		CODE           	1EE2	0000	8
		_I2C_MasterSendAck		CODE           	1F2E	0000	6
		_I2C_MasterFsm 		CODE           	1860	0000	90
		_I2C_MasterSetIrq		CODE           	1F50	0000	4
		_I2C_DO_SEND_RESTART_READ		CODE           	1F12	0000	8
		_I2C_Initialize		CODE           	1DF4	0000	20
		_I2C_SetBuffer 		CODE           	1D92	0000	26
		_I2C_MasterRead		CODE           	1EDA	0000	8
		_I2C_MasterOpen		CODE           	1DC4	0000	24
		_I2C_MasterSendTxData		CODE           	1F1A	0000	8
		_I2C_MasterStop		CODE           	1F64	0000	4

mcc_generated_files/i2c_master.c estimated size: 1212

mcc_generated_files/eusart.c
		_EUSART_SetRxInterruptHandler		CODE           	1EAA	0000	10
		_EUSART_SetTxInterruptHandler		CODE           	1EA0	0000	10
		_EUSART_DefaultOverrunErrorHandler		CODE           	1F40	0000	6
		_EUSART_DefaultErrorHandler		CODE           	1F46	0000	6
		_EUSART_Transmit_ISR		CODE           	1C52	0000	42
		_EUSART_Initialize		CODE           	1652	0000	116
		_EUSART_SetFramingErrorHandler		CODE           	1EBE	0000	10
		_EUSART_SetErrorHandler		CODE           	1EC8	0000	10
		_EUSART_SetOverrunErrorHandler		CODE           	1EB4	0000	10
		_EUSART_Receive_ISR		CODE           	1430	0000	146
		_EUSART_RxDataHandler		CODE           	1D58	0000	32
		_EUSART_DefaultFramingErrorHandler		CODE           	1F8A	0000	2

mcc_generated_files/eusart.c estimated size: 400

main.c
		_main          		CODE           	12D6	0000	178

main.c estimated size: 178

